2025-12-04 21:40:54,379 - init - Ecuria - INFO - --------------------------------Démarrage du programme--------------------------------



2025-12-04 21:40:54,380 - init - Ecuria - INFO - Lecture des paramètres
2025-12-04 21:40:54,380 - init - Ecuria - INFO - Lecture du fichier cavalier pour le jour semaine
2025-12-04 21:40:54,383 - init - Ecuria - INFO - Lecture du fichier cavalier pour le jour mercredi
2025-12-04 21:40:54,385 - init - Ecuria - INFO - Lecture du fichier cavalier pour le jour samedi
2025-12-04 21:40:54,386 - init - Ecuria - INFO - Lecture du fichier de chevaux : parametre/liste_cheval_semaine.txt
2025-12-04 21:40:54,388 - init - Ecuria - INFO - Lecture du fichier de chevaux : parametre/liste_cheval.txt
2025-12-04 21:40:54,390 - init - Ecuria - DEBUG - dict_eleve {'Semaine': {'18H30 MARDI': [['TARA', 9]], '19H30 MARDI': [['KYKY', -1], ['TOM', 7]], '19H00 JEUDI': [], '20H00 JEUDI': [], '19H00 VENDREDI': [['TARA', -1]], '20H00 VENDREDI': [], '21H00 VENDREDI': []}, 'Mercredi': {'9H LENA': [['KYLLIAN', -1], ['TARA', 6]], '10H LENA': [['RAPHAELLE', -1], ['MAELLE', -1], ['MAEVA', -1], ['JULLIA', -1], ['HUGO', -1], ['JOHAN', -1], ['XCBNXC', 3]], '13H30 LENA': [['MIA', -1], ['NATHANAELLE', -1], ['ROSE', -1], ['ESTELLE', -1], ['LOU', -1], ['ILIADE', -1], ['LOUISE', -1]], '14H LENA': [['LOLA', -1], ['VICTOIRE', -1], ['LILA', -1], ['LEONIE', -1], ['JULIA', -1], ['NOA', -1], ['LAURA', -1], ['ELENA', -1]], '15H LENA': [['EMMY', -1], ['JOY', -1], ['LEA', -1], ['LOANE', -1], ['CELIA', -1], ['LYA', -1], ['ANNA ROSA', -1], ['MANON', -1]], '15H MANON': [['CHLOE', -1], ['AMBRE', -1], ['HANAE', -1], ['MAELIA', -1], ['JESSY', -1], ['CANDICE', -1], ['MARIE LOU', -1]], '16H LENA': [['LIHANNA', -1], ['ROMANE', -1], ['JULIETTE', -1], ['NINA T', -1], ['LOUNEA', -1], ['LAURA', -1], ['LOANE', -1], ['KIARA', -1], ['NINA S', -1]], '17H LENA': [['CHIARA', -1], ['SOFIA', -1], ['ANAIS', -1], ['ANNABELLE', -1], ['OCEANE', -1], ['TIMEO', -1], ['ZOE', -1], ['MARGARIDA', -1]], '17H MANON': [['EDEN', -1], ['LENA', -1], ['INAYA', -1], ['ANAIS', -1], ['NAHIA', -1], ['LUCIE', -1], ['ELEA', -1], ['CHIARA', -1], ['LISON', -1]], '18H LENA': [['LENA', -1], ['MANI TAO', -1], ['DIANE', -1], ['DOMITILLE', -1]], '18H MANON': [['ANNE SOPHIE', -1], ['GABY', -1], ['LOUANE', -1], ['LOLA', -1], ['STELLA', -1], ['CLEMENCE', -1], ['LEYA', -1], ['CAMILLE', -1], ['EMMY', -1]], '19H LENA': [['EMMA', -1], ['ERIC', -1], ['EMILIE B', -1], ['AMANDA', -1], ['AMANDINE', -1], ['EMILIE A', -1], ['JULIEN', -1], ['AMANDINE (Cï¿½LIA)', -1], ['COLINE', -1]]}, 'Samedi': {'9H30 L': [['MAILYS', -1], ['LILY', -1], ['JADE', -1], ['MARION', -1], ['CELIA FA', -1], ['CELIA SF', -1], ['CELIA FR', -1], ['KYLLIAN', 1]], '9H30 K': [], '10H30 L': [['LISA', -1], ['NOA', 4], ['LILA', -1], ['CLOE', -1], ['CLEMENT', -1], ['HELOISE', -1], ['LENA', -1], ['MAELINE', -1], ['MAHILYS', -1]], '10H30 K': [], '11H30 L': [['PIERRE', -1], ['GABIN', -1], ['VALENTINE', -1], ['PAUL', -1], ['QUENTIN', -1], ['CHLOE', -1], ['LOU', -1], ['MEYSSON', 2], ['JABAL', -1], ['ELLIE', -1]], '11H30 K': [], '12H00 L': [['ENZO', -1], ['OCEANE', -1], ['CLEMENCE', -1], ['SASHA', -1], ['ZACK', -1], ['CLARISSE', -1], ['MANON', -1], ['AMBRE', -1], ['LEELOU', -1]], '12H30 K': [], '13H00 K': [], '14H00 L': [['YANIS', -1], ['ANNA', -1], ['AELYS', -1], ['VALENTINE', -1], ['MAELYS', -1], ['MAELLE', -1], ['AMANDINE', -1], ['JULIEN', -1]], '14H00 K': [['LENA', -1]], '15H00 L': [['EMMA P', -1], ['LOUISE', -1], ['EMMA L', -1], ['ELINA', -1], ['LOANE', -1], ['GIULIA', -1], ['JULIE', -1], ['LEA', -1]], '16H00 K': [], '16H00 L': [['LANA', -1], ['LEXIE', -1], ['LEA', -1], ['MAEL', -1], ['MAYRA', -1], ['ANNA', -1]], '17H00 K': [], '17H00 L': [['ELISA', -1], ['ILONA', -1], ['MAEVA', -1], ['HANAE', -1], ['CHARLYNE', -1], ['CHARLINE', -1], ['THAIS', -1], ['ZELI', -1]], '18H00 K': []}}
2025-12-04 21:40:54,391 - init - Ecuria - DEBUG - dict_cheval {'Semaine': {'MANGO': [0, 0], 'SHAMIRA': [1, 0], 'RASTA': [2, 0], 'PEGASE': [3, 0], 'BALKIS': [4, 0], 'BALI': [5, 0], 'SINAI': [6, 0], 'CARA': [7, 0], 'SAMOURAI': [8, 0], 'FLICKA': [9, 0], 'ESPOIR': [10, 0], 'KID': [11, 0], 'DIESEL': [12, 0], 'SHEITAN': [13, 0], 'ETOILE': [14, 0], 'VASCO': [15, 0], 'DOMINO': [16, 0], 'BANZAI': [17, 0], 'ICHIBAI': [18, 0], 'ALTAI': [19, 0], 'JAZZY': [20, 0], 'CHOGUN': [21, 0], 'TANGO': [22, 0], 'HENDRICK': [23, 0], 'COTENTIN': [24, 0], 'ARKANSAS': [25, 0], 'EVER': [26, 0], 'TALIA': [27, 0], 'ULYSSE': [28, 0], 'TILA': [29, 0], 'WAR': [30, 0], 'ENZO': [31, 0], 'CANTO': [32, 0], 'GOLD': [33, 0], 'BABA': [34, 0], 'JAVA': [35, 0], 'PICKEUR': [36, 0], 'VALESCO': [37, 0], 'SACRA': [38, 0], 'BELLA': [39, 0], 'DENFER': [40, 0], 'FELINA': [41, 0], 'KABIL': [42, 0]}, 'Samedi': {'VIOLETTE': [0, 0], 'NEVA': [1, 0], 'BRIOSSO': [2, 0], 'SURPRISE': [3, 0], 'PEPITE': [4, 0], 'PANDA': [5, 0], 'PONPON': [6, 0], 'NUAGE': [7, 0], 'HOUSTON': [8, 0], 'REGLISSE': [9, 0], 'NAVARA': [10, 0], 'P. TONNERRE': [11, 0], 'GRISETTE': [12, 0], 'DANETTE': [13, 0], 'TIC': [14, 0], 'TAC': [15, 0], 'SEGOVIA': [16, 0], 'LITTLE': [17, 0], 'PAOLA': [18, 0], 'MANGO': [19, 0], 'SORBET': [20, 0], 'RASTA': [21, 0], 'PEGASE': [22, 0], 'BALKIS': [23, 0], 'BALI': [24, 0], 'CARA': [25, 0], 'SAMOURAI': [26, 0], 'FLICKA': [27, 0], 'BANZAI': [28, 0], 'KID': [29, 0], 'DIESEL': [30, 0], 'SHAMIRA': [31, 0], 'SINAI': [32, 0], 'ETOILE': [33, 0], 'VASCO': [34, 0], 'DOMINO': [35, 0], 'ESPOIR': [36, 0], 'JAZZY': [37, 0], 'ICHIBAI': [38, 0], 'CHOGUN': [39, 0], 'ALTAI': [40, 0], 'WAR': [41, 0], 'TALIA': [42, 0], 'TANGO': [43, 0], 'ICARE': [44, 0], 'ENZO': [45, 0], 'FGHFG': [46, 0]}, 'Mercredi': {'VIOLETTE': [0, 0], 'NEVA': [1, 0], 'BRIOSSO': [2, 0], 'SURPRISE': [3, 0], 'PEPITE': [4, 0], 'PANDA': [5, 0], 'PONPON': [6, 0], 'NUAGE': [7, 0], 'HOUSTON': [8, 0], 'REGLISSE': [9, 0], 'NAVARA': [10, 0], 'P. TONNERRE': [11, 0], 'GRISETTE': [12, 0], 'DANETTE': [13, 0], 'TIC': [14, 0], 'TAC': [15, 0], 'SEGOVIA': [16, 0], 'LITTLE': [17, 0], 'PAOLA': [18, 0], 'MANGO': [19, 0], 'SORBET': [20, 0], 'RASTA': [21, 0], 'PEGASE': [22, 0], 'BALKIS': [23, 0], 'BALI': [24, 0], 'CARA': [25, 0], 'SAMOURAI': [26, 0], 'FLICKA': [27, 0], 'BANZAI': [28, 0], 'KID': [29, 0], 'DIESEL': [30, 0], 'SHAMIRA': [31, 0], 'SINAI': [32, 0], 'ETOILE': [33, 0], 'VASCO': [34, 0], 'DOMINO': [35, 0], 'ESPOIR': [36, 0], 'JAZZY': [37, 0], 'ICHIBAI': [38, 0], 'CHOGUN': [39, 0], 'ALTAI': [40, 0], 'WAR': [41, 0], 'TALIA': [42, 0], 'TANGO': [43, 0], 'ICARE': [44, 0], 'ENZO': [45, 0], 'FGHFG': [46, 0]}}
2025-12-04 21:40:54,391 - init - Ecuria - INFO - Récupération de l'utilisateur courant depuis get_personne
2025-12-04 21:40:54,392 - init - Ecuria - ERROR - Exception non capturée
Traceback (most recent call last):
  File "ecuria 1.85.py", line 2098, in <module>
  File "ecuria 1.85.py", line 57, in get_personne
FileNotFoundError: [Errno 2] No such file or directory: 'user.txt'
2025-12-04 21:40:56,478 - init - Ecuria - INFO - Fin du programme : 0 warning(s), 2 erreur(s).
2025-12-04 21:43:35,445 - init - Ecuria - INFO - --------------------------------Démarrage du programme--------------------------------



2025-12-04 21:43:35,446 - init - Ecuria - INFO - Lecture des paramètres
2025-12-04 21:43:35,446 - init - Ecuria - INFO - Lecture du fichier cavalier pour le jour semaine
2025-12-04 21:43:35,447 - init - Ecuria - INFO - Lecture du fichier cavalier pour le jour mercredi
2025-12-04 21:43:35,447 - init - Ecuria - INFO - Lecture du fichier cavalier pour le jour samedi
2025-12-04 21:43:35,448 - init - Ecuria - INFO - Lecture du fichier de chevaux : parametre/liste_cheval_semaine.txt
2025-12-04 21:43:35,448 - init - Ecuria - INFO - Lecture du fichier de chevaux : parametre/liste_cheval.txt
2025-12-04 21:43:35,449 - init - Ecuria - DEBUG - dict_eleve {'Semaine': {'18H30 MARDI': [['TARA', 9]], '19H30 MARDI': [['KYKY', -1], ['TOM', 7]], '19H00 JEUDI': [], '20H00 JEUDI': [], '19H00 VENDREDI': [['TARA', -1]], '20H00 VENDREDI': [], '21H00 VENDREDI': []}, 'Mercredi': {'9H LENA': [['KYLLIAN', -1], ['TARA', 6]], '10H LENA': [['RAPHAELLE', -1], ['MAELLE', -1], ['MAEVA', -1], ['JULLIA', -1], ['HUGO', -1], ['JOHAN', -1], ['XCBNXC', 3]], '13H30 LENA': [['MIA', -1], ['NATHANAELLE', -1], ['ROSE', -1], ['ESTELLE', -1], ['LOU', -1], ['ILIADE', -1], ['LOUISE', -1]], '14H LENA': [['LOLA', -1], ['VICTOIRE', -1], ['LILA', -1], ['LEONIE', -1], ['JULIA', -1], ['NOA', -1], ['LAURA', -1], ['ELENA', -1]], '15H LENA': [['EMMY', -1], ['JOY', -1], ['LEA', -1], ['LOANE', -1], ['CELIA', -1], ['LYA', -1], ['ANNA ROSA', -1], ['MANON', -1]], '15H MANON': [['CHLOE', -1], ['AMBRE', -1], ['HANAE', -1], ['MAELIA', -1], ['JESSY', -1], ['CANDICE', -1], ['MARIE LOU', -1]], '16H LENA': [['LIHANNA', -1], ['ROMANE', -1], ['JULIETTE', -1], ['NINA T', -1], ['LOUNEA', -1], ['LAURA', -1], ['LOANE', -1], ['KIARA', -1], ['NINA S', -1]], '17H LENA': [['CHIARA', -1], ['SOFIA', -1], ['ANAIS', -1], ['ANNABELLE', -1], ['OCEANE', -1], ['TIMEO', -1], ['ZOE', -1], ['MARGARIDA', -1]], '17H MANON': [['EDEN', -1], ['LENA', -1], ['INAYA', -1], ['ANAIS', -1], ['NAHIA', -1], ['LUCIE', -1], ['ELEA', -1], ['CHIARA', -1], ['LISON', -1]], '18H LENA': [['LENA', -1], ['MANI TAO', -1], ['DIANE', -1], ['DOMITILLE', -1]], '18H MANON': [['ANNE SOPHIE', -1], ['GABY', -1], ['LOUANE', -1], ['LOLA', -1], ['STELLA', -1], ['CLEMENCE', -1], ['LEYA', -1], ['CAMILLE', -1], ['EMMY', -1]], '19H LENA': [['EMMA', -1], ['ERIC', -1], ['EMILIE B', -1], ['AMANDA', -1], ['AMANDINE', -1], ['EMILIE A', -1], ['JULIEN', -1], ['AMANDINE (Cï¿½LIA)', -1], ['COLINE', -1]]}, 'Samedi': {'9H30 L': [['MAILYS', -1], ['LILY', -1], ['JADE', -1], ['MARION', -1], ['CELIA FA', -1], ['CELIA SF', -1], ['CELIA FR', -1], ['KYLLIAN', 1]], '9H30 K': [], '10H30 L': [['LISA', -1], ['NOA', 4], ['LILA', -1], ['CLOE', -1], ['CLEMENT', -1], ['HELOISE', -1], ['LENA', -1], ['MAELINE', -1], ['MAHILYS', -1]], '10H30 K': [], '11H30 L': [['PIERRE', -1], ['GABIN', -1], ['VALENTINE', -1], ['PAUL', -1], ['QUENTIN', -1], ['CHLOE', -1], ['LOU', -1], ['MEYSSON', 2], ['JABAL', -1], ['ELLIE', -1]], '11H30 K': [], '12H00 L': [['ENZO', -1], ['OCEANE', -1], ['CLEMENCE', -1], ['SASHA', -1], ['ZACK', -1], ['CLARISSE', -1], ['MANON', -1], ['AMBRE', -1], ['LEELOU', -1]], '12H30 K': [], '13H00 K': [], '14H00 L': [['YANIS', -1], ['ANNA', -1], ['AELYS', -1], ['VALENTINE', -1], ['MAELYS', -1], ['MAELLE', -1], ['AMANDINE', -1], ['JULIEN', -1]], '14H00 K': [['LENA', -1]], '15H00 L': [['EMMA P', -1], ['LOUISE', -1], ['EMMA L', -1], ['ELINA', -1], ['LOANE', -1], ['GIULIA', -1], ['JULIE', -1], ['LEA', -1]], '16H00 K': [], '16H00 L': [['LANA', -1], ['LEXIE', -1], ['LEA', -1], ['MAEL', -1], ['MAYRA', -1], ['ANNA', -1]], '17H00 K': [], '17H00 L': [['ELISA', -1], ['ILONA', -1], ['MAEVA', -1], ['HANAE', -1], ['CHARLYNE', -1], ['CHARLINE', -1], ['THAIS', -1], ['ZELI', -1]], '18H00 K': []}}
2025-12-04 21:43:35,449 - init - Ecuria - DEBUG - dict_cheval {'Semaine': {'MANGO': [0, 0], 'SHAMIRA': [1, 0], 'RASTA': [2, 0], 'PEGASE': [3, 0], 'BALKIS': [4, 0], 'BALI': [5, 0], 'SINAI': [6, 0], 'CARA': [7, 0], 'SAMOURAI': [8, 0], 'FLICKA': [9, 0], 'ESPOIR': [10, 0], 'KID': [11, 0], 'DIESEL': [12, 0], 'SHEITAN': [13, 0], 'ETOILE': [14, 0], 'VASCO': [15, 0], 'DOMINO': [16, 0], 'BANZAI': [17, 0], 'ICHIBAI': [18, 0], 'ALTAI': [19, 0], 'JAZZY': [20, 0], 'CHOGUN': [21, 0], 'TANGO': [22, 0], 'HENDRICK': [23, 0], 'COTENTIN': [24, 0], 'ARKANSAS': [25, 0], 'EVER': [26, 0], 'TALIA': [27, 0], 'ULYSSE': [28, 0], 'TILA': [29, 0], 'WAR': [30, 0], 'ENZO': [31, 0], 'CANTO': [32, 0], 'GOLD': [33, 0], 'BABA': [34, 0], 'JAVA': [35, 0], 'PICKEUR': [36, 0], 'VALESCO': [37, 0], 'SACRA': [38, 0], 'BELLA': [39, 0], 'DENFER': [40, 0], 'FELINA': [41, 0], 'KABIL': [42, 0]}, 'Samedi': {'VIOLETTE': [0, 0], 'NEVA': [1, 0], 'BRIOSSO': [2, 0], 'SURPRISE': [3, 0], 'PEPITE': [4, 0], 'PANDA': [5, 0], 'PONPON': [6, 0], 'NUAGE': [7, 0], 'HOUSTON': [8, 0], 'REGLISSE': [9, 0], 'NAVARA': [10, 0], 'P. TONNERRE': [11, 0], 'GRISETTE': [12, 0], 'DANETTE': [13, 0], 'TIC': [14, 0], 'TAC': [15, 0], 'SEGOVIA': [16, 0], 'LITTLE': [17, 0], 'PAOLA': [18, 0], 'MANGO': [19, 0], 'SORBET': [20, 0], 'RASTA': [21, 0], 'PEGASE': [22, 0], 'BALKIS': [23, 0], 'BALI': [24, 0], 'CARA': [25, 0], 'SAMOURAI': [26, 0], 'FLICKA': [27, 0], 'BANZAI': [28, 0], 'KID': [29, 0], 'DIESEL': [30, 0], 'SHAMIRA': [31, 0], 'SINAI': [32, 0], 'ETOILE': [33, 0], 'VASCO': [34, 0], 'DOMINO': [35, 0], 'ESPOIR': [36, 0], 'JAZZY': [37, 0], 'ICHIBAI': [38, 0], 'CHOGUN': [39, 0], 'ALTAI': [40, 0], 'WAR': [41, 0], 'TALIA': [42, 0], 'TANGO': [43, 0], 'ICARE': [44, 0], 'ENZO': [45, 0], 'FGHFG': [46, 0]}, 'Mercredi': {'VIOLETTE': [0, 0], 'NEVA': [1, 0], 'BRIOSSO': [2, 0], 'SURPRISE': [3, 0], 'PEPITE': [4, 0], 'PANDA': [5, 0], 'PONPON': [6, 0], 'NUAGE': [7, 0], 'HOUSTON': [8, 0], 'REGLISSE': [9, 0], 'NAVARA': [10, 0], 'P. TONNERRE': [11, 0], 'GRISETTE': [12, 0], 'DANETTE': [13, 0], 'TIC': [14, 0], 'TAC': [15, 0], 'SEGOVIA': [16, 0], 'LITTLE': [17, 0], 'PAOLA': [18, 0], 'MANGO': [19, 0], 'SORBET': [20, 0], 'RASTA': [21, 0], 'PEGASE': [22, 0], 'BALKIS': [23, 0], 'BALI': [24, 0], 'CARA': [25, 0], 'SAMOURAI': [26, 0], 'FLICKA': [27, 0], 'BANZAI': [28, 0], 'KID': [29, 0], 'DIESEL': [30, 0], 'SHAMIRA': [31, 0], 'SINAI': [32, 0], 'ETOILE': [33, 0], 'VASCO': [34, 0], 'DOMINO': [35, 0], 'ESPOIR': [36, 0], 'JAZZY': [37, 0], 'ICHIBAI': [38, 0], 'CHOGUN': [39, 0], 'ALTAI': [40, 0], 'WAR': [41, 0], 'TALIA': [42, 0], 'TANGO': [43, 0], 'ICARE': [44, 0], 'ENZO': [45, 0], 'FGHFG': [46, 0]}}
2025-12-04 21:43:35,450 - init - Ecuria - INFO - Récupération de l'utilisateur courant depuis get_personne
2025-12-04 21:43:35,450 - Lena - Ecuria - INFO - user Lena
2025-12-04 21:43:35,451 - Lena - Ecuria - INFO - Récupération des adresses e-mail depuis get_mail
2025-12-04 21:43:35,452 - Lena - Ecuria - DEBUG - tableau ['aloykyllian31@gmail.com', 'delmaslena@gmail.com', 'delmasmanon@gmail.com']
2025-12-04 21:43:35,452 - Lena - Ecuria - DEBUG - moniteur ['admin', 'Lena', 'Manon']
2025-12-04 21:43:36,136 - Lena - Ecuria - DEBUG - taille de fenetre 1536 864
2025-12-04 21:43:36,137 - Lena - Ecuria - INFO - Définition de l'image de fond : image/image_fond.png
2025-12-04 21:43:36,259 - Lena - Ecuria - INFO - Ajout d'une image centrée : image/logo.png
2025-12-04 21:43:36,636 - Lena - Ecuria - INFO - Mise à jour de l'interface pour le jour : Mercredi
2025-12-04 21:43:36,636 - Lena - Ecuria - INFO - Remplissage de la listebox des chevaux
2025-12-04 21:43:36,638 - Lena - Ecuria - INFO - Insertion des heures dans la listebox
2025-12-04 21:43:36,639 - Lena - Ecuria - INFO - Visualisation du fichier cavalier
2025-12-04 21:43:36,794 - Lena - Ftp - INFO - Connexion au serveur FTP 86.249.193.54
2025-12-04 21:43:37,434 - Lena - Ftp - INFO - Déconnexion du serveur FTP
2025-12-04 21:43:37,434 - Lena - Maj - INFO - Fichiers disponibles sur le FTP : ['ecuria 1.81.zip', 'ecuria 1.82.zip', 'ecuria 1.8.zip', 'ecuria 1.84.zip', 'ecuria 1.83.zip', 'ecuria 1.7.zip']
2025-12-04 21:43:37,434 - Lena - Maj - INFO - Version la plus récente : 1.84
2025-12-04 21:43:37,435 - Lena - Maj - INFO - Nom du fichier correspondant : ecuria 1.84.zip
2025-12-04 21:43:42,931 - Lena - Ecuria - INFO - Changement en mode par défaut
2025-12-04 21:43:42,932 - Lena - Ecuria - INFO - Réinitialisation de l'interface par défaut
2025-12-04 21:43:42,938 - Lena - Ecuria - DEBUG - planning.liste_eleve {}
2025-12-04 21:43:42,939 - Lena - Ecuria - DEBUG - planning.cheval {}
2025-12-04 21:43:42,940 - Lena - Ecuria - INFO - Remplissage de la liste des heures
2025-12-04 21:45:09,992 - Lena - Ecuria - INFO - Fin du programme : 0 warning(s), 0 erreur(s).
2025-12-13 19:17:20,018 - init - Ecuria - INFO - --------------------------------Démarrage du programme--------------------------------



2025-12-13 19:17:20,037 - init - Ecuria - INFO - Lecture des paramètres
2025-12-13 19:17:20,037 - init - Ecuria - INFO - Lecture du fichier cavalier pour le jour semaine
2025-12-13 19:17:20,047 - init - Ecuria - INFO - Lecture du fichier cavalier pour le jour mercredi
2025-12-13 19:17:20,080 - init - Ecuria - INFO - Lecture du fichier cavalier pour le jour samedi
2025-12-13 19:17:20,089 - init - Ecuria - INFO - Lecture du fichier de chevaux : parametre/liste_cheval_semaine.txt
2025-12-13 19:17:20,096 - init - Ecuria - INFO - Lecture du fichier de chevaux : parametre/liste_cheval.txt
2025-12-13 19:17:20,107 - init - Ecuria - DEBUG - dict_eleve {'Semaine': {'18H30 MARDI': [['TARA', 9]], '19H30 MARDI': [['KYKY', -1], ['TOM', 7]], '19H00 JEUDI': [], '20H00 JEUDI': [], '19H00 VENDREDI': [['TARA', -1]], '20H00 VENDREDI': [], '21H00 VENDREDI': []}, 'Mercredi': {'9H LENA': [['KYLLIAN', -1], ['TARA', 6]], '10H LENA': [['RAPHAELLE', -1], ['MAELLE', -1], ['MAEVA', -1], ['JULLIA', -1], ['HUGO', -1], ['JOHAN', -1], ['XCBNXC', 3]], '13H30 LENA': [['MIA', -1], ['NATHANAELLE', -1], ['ROSE', -1], ['ESTELLE', -1], ['LOU', -1], ['ILIADE', -1], ['LOUISE', -1]], '14H LENA': [['LOLA', -1], ['VICTOIRE', -1], ['LILA', -1], ['LEONIE', -1], ['JULIA', -1], ['NOA', -1], ['LAURA', -1], ['ELENA', -1]], '15H LENA': [['EMMY', -1], ['JOY', -1], ['LEA', -1], ['LOANE', -1], ['CELIA', -1], ['LYA', -1], ['ANNA ROSA', -1], ['MANON', -1]], '15H MANON': [['CHLOE', -1], ['AMBRE', -1], ['HANAE', -1], ['MAELIA', -1], ['JESSY', -1], ['CANDICE', -1], ['MARIE LOU', -1]], '16H LENA': [['LIHANNA', -1], ['ROMANE', -1], ['JULIETTE', -1], ['NINA T', -1], ['LOUNEA', -1], ['LAURA', -1], ['LOANE', -1], ['KIARA', -1], ['NINA S', -1]], '17H LENA': [['CHIARA', -1], ['SOFIA', -1], ['ANAIS', -1], ['ANNABELLE', -1], ['OCEANE', -1], ['TIMEO', -1], ['ZOE', -1], ['MARGARIDA', -1]], '17H MANON': [['EDEN', -1], ['LENA', -1], ['INAYA', -1], ['ANAIS', -1], ['NAHIA', -1], ['LUCIE', -1], ['ELEA', -1], ['CHIARA', -1], ['LISON', -1]], '18H LENA': [['LENA', -1], ['MANI TAO', -1], ['DIANE', -1], ['DOMITILLE', -1]], '18H MANON': [['ANNE SOPHIE', -1], ['GABY', -1], ['LOUANE', -1], ['LOLA', -1], ['STELLA', -1], ['CLEMENCE', -1], ['LEYA', -1], ['CAMILLE', -1], ['EMMY', -1]], '19H LENA': [['EMMA', -1], ['ERIC', -1], ['EMILIE B', -1], ['AMANDA', -1], ['AMANDINE', -1], ['EMILIE A', -1], ['JULIEN', -1], ['AMANDINE (Cï¿½LIA)', -1], ['COLINE', -1]]}, 'Samedi': {'9H30 L': [['MAILYS', -1], ['LILY', -1], ['JADE', -1], ['MARION', -1], ['CELIA FA', -1], ['CELIA SF', -1], ['CELIA FR', -1], ['KYLLIAN', 1]], '9H30 K': [], '10H30 L': [['LISA', -1], ['NOA', 4], ['LILA', -1], ['CLOE', -1], ['CLEMENT', -1], ['HELOISE', -1], ['LENA', -1], ['MAELINE', -1], ['MAHILYS', -1]], '10H30 K': [], '11H30 L': [['PIERRE', -1], ['GABIN', -1], ['VALENTINE', -1], ['PAUL', -1], ['QUENTIN', -1], ['CHLOE', -1], ['LOU', -1], ['MEYSSON', 2], ['JABAL', -1], ['ELLIE', -1]], '11H30 K': [], '12H00 L': [['ENZO', -1], ['OCEANE', -1], ['CLEMENCE', -1], ['SASHA', -1], ['ZACK', -1], ['CLARISSE', -1], ['MANON', -1], ['AMBRE', -1], ['LEELOU', -1]], '12H30 K': [], '13H00 K': [], '14H00 L': [['YANIS', -1], ['ANNA', -1], ['AELYS', -1], ['VALENTINE', -1], ['MAELYS', -1], ['MAELLE', -1], ['AMANDINE', -1], ['JULIEN', -1]], '14H00 K': [['LENA', -1]], '15H00 L': [['EMMA P', -1], ['LOUISE', -1], ['EMMA L', -1], ['ELINA', -1], ['LOANE', -1], ['GIULIA', -1], ['JULIE', -1], ['LEA', -1]], '16H00 K': [], '16H00 L': [['LANA', -1], ['LEXIE', -1], ['LEA', -1], ['MAEL', -1], ['MAYRA', -1], ['ANNA', -1]], '17H00 K': [], '17H00 L': [['ELISA', -1], ['ILONA', -1], ['MAEVA', -1], ['HANAE', -1], ['CHARLYNE', -1], ['CHARLINE', -1], ['THAIS', -1], ['ZELI', -1]], '18H00 K': []}}
2025-12-13 19:17:20,107 - init - Ecuria - DEBUG - dict_cheval {'Semaine': {'MANGO': [0, 0], 'SHAMIRA': [1, 0], 'RASTA': [2, 0], 'PEGASE': [3, 0], 'BALKIS': [4, 0], 'BALI': [5, 0], 'SINAI': [6, 0], 'CARA': [7, 0], 'SAMOURAI': [8, 0], 'FLICKA': [9, 0], 'ESPOIR': [10, 0], 'KID': [11, 0], 'DIESEL': [12, 0], 'SHEITAN': [13, 0], 'ETOILE': [14, 0], 'VASCO': [15, 0], 'DOMINO': [16, 0], 'BANZAI': [17, 0], 'ICHIBAI': [18, 0], 'ALTAI': [19, 0], 'JAZZY': [20, 0], 'CHOGUN': [21, 0], 'TANGO': [22, 0], 'HENDRICK': [23, 0], 'COTENTIN': [24, 0], 'ARKANSAS': [25, 0], 'EVER': [26, 0], 'TALIA': [27, 0], 'ULYSSE': [28, 0], 'TILA': [29, 0], 'WAR': [30, 0], 'ENZO': [31, 0], 'CANTO': [32, 0], 'GOLD': [33, 0], 'BABA': [34, 0], 'JAVA': [35, 0], 'PICKEUR': [36, 0], 'VALESCO': [37, 0], 'SACRA': [38, 0], 'BELLA': [39, 0], 'DENFER': [40, 0], 'FELINA': [41, 0], 'KABIL': [42, 0]}, 'Samedi': {'VIOLETTE': [0, 0], 'NEVA': [1, 0], 'BRIOSSO': [2, 0], 'SURPRISE': [3, 0], 'PEPITE': [4, 0], 'PANDA': [5, 0], 'PONPON': [6, 0], 'NUAGE': [7, 0], 'HOUSTON': [8, 0], 'REGLISSE': [9, 0], 'NAVARA': [10, 0], 'P. TONNERRE': [11, 0], 'GRISETTE': [12, 0], 'DANETTE': [13, 0], 'TIC': [14, 0], 'TAC': [15, 0], 'SEGOVIA': [16, 0], 'LITTLE': [17, 0], 'PAOLA': [18, 0], 'MANGO': [19, 0], 'SORBET': [20, 0], 'RASTA': [21, 0], 'PEGASE': [22, 0], 'BALKIS': [23, 0], 'BALI': [24, 0], 'CARA': [25, 0], 'SAMOURAI': [26, 0], 'FLICKA': [27, 0], 'BANZAI': [28, 0], 'KID': [29, 0], 'DIESEL': [30, 0], 'SHAMIRA': [31, 0], 'SINAI': [32, 0], 'ETOILE': [33, 0], 'VASCO': [34, 0], 'DOMINO': [35, 0], 'ESPOIR': [36, 0], 'JAZZY': [37, 0], 'ICHIBAI': [38, 0], 'CHOGUN': [39, 0], 'ALTAI': [40, 0], 'WAR': [41, 0], 'TALIA': [42, 0], 'TANGO': [43, 0], 'ICARE': [44, 0], 'ENZO': [45, 0], 'FGHFG': [46, 0]}, 'Mercredi': {'VIOLETTE': [0, 0], 'NEVA': [1, 0], 'BRIOSSO': [2, 0], 'SURPRISE': [3, 0], 'PEPITE': [4, 0], 'PANDA': [5, 0], 'PONPON': [6, 0], 'NUAGE': [7, 0], 'HOUSTON': [8, 0], 'REGLISSE': [9, 0], 'NAVARA': [10, 0], 'P. TONNERRE': [11, 0], 'GRISETTE': [12, 0], 'DANETTE': [13, 0], 'TIC': [14, 0], 'TAC': [15, 0], 'SEGOVIA': [16, 0], 'LITTLE': [17, 0], 'PAOLA': [18, 0], 'MANGO': [19, 0], 'SORBET': [20, 0], 'RASTA': [21, 0], 'PEGASE': [22, 0], 'BALKIS': [23, 0], 'BALI': [24, 0], 'CARA': [25, 0], 'SAMOURAI': [26, 0], 'FLICKA': [27, 0], 'BANZAI': [28, 0], 'KID': [29, 0], 'DIESEL': [30, 0], 'SHAMIRA': [31, 0], 'SINAI': [32, 0], 'ETOILE': [33, 0], 'VASCO': [34, 0], 'DOMINO': [35, 0], 'ESPOIR': [36, 0], 'JAZZY': [37, 0], 'ICHIBAI': [38, 0], 'CHOGUN': [39, 0], 'ALTAI': [40, 0], 'WAR': [41, 0], 'TALIA': [42, 0], 'TANGO': [43, 0], 'ICARE': [44, 0], 'ENZO': [45, 0], 'FGHFG': [46, 0]}}
2025-12-13 19:17:20,108 - init - Ecuria - INFO - Récupération de l'utilisateur courant depuis get_personne
2025-12-13 19:17:20,109 - Lena - Ecuria - INFO - user Lena
2025-12-13 19:17:20,109 - Lena - Ecuria - INFO - Récupération des adresses e-mail depuis get_mail
2025-12-13 19:17:20,118 - Lena - Ecuria - DEBUG - tableau ['aloykyllian31@gmail.com', 'delmaslena@gmail.com', 'delmasmanon@gmail.com']
2025-12-13 19:17:20,119 - Lena - Ecuria - DEBUG - moniteur ['admin', 'Lena', 'Manon']
2025-12-13 19:17:21,424 - Lena - Ecuria - DEBUG - taille de fenetre 1536 864
2025-12-13 19:17:21,424 - Lena - Ecuria - INFO - Définition de l'image de fond : image/image_fond.png
2025-12-13 19:17:21,660 - Lena - Ecuria - INFO - Ajout d'une image centrée : image/logo.png
2025-12-13 19:17:22,469 - Lena - Ecuria - INFO - Mise à jour de l'interface pour le jour : Mercredi
2025-12-13 19:17:22,470 - Lena - Ecuria - INFO - Remplissage de la listebox des chevaux
2025-12-13 19:17:22,471 - Lena - Ecuria - INFO - Insertion des heures dans la listebox
2025-12-13 19:17:22,472 - Lena - Ecuria - INFO - Visualisation du fichier cavalier
2025-12-13 19:17:22,574 - Lena - Maj - ERROR - Pas de connexion internet ou serveur hors ligne : [WinError 10065] Une opération a été tentée sur un hôte impossible à atteindre
2025-12-13 19:17:27,764 - Lena - Ecuria - INFO - Récupération des données depuis un fichier Excel
2025-12-13 19:17:27,764 - Lena - Ecuria - INFO - Réinitialisation de l'interface par défaut
2025-12-13 19:17:27,766 - Lena - Ecuria - DEBUG - planning.liste_eleve {}
2025-12-13 19:17:27,767 - Lena - Ecuria - DEBUG - planning.cheval {}
2025-12-13 19:17:27,767 - Lena - Ecuria - INFO - Remplissage de la liste des heures
2025-12-13 19:17:42,065 - Lena - Ecuria - DEBUG - name liste mercredi 10-12-2025.xlsx
2025-12-13 19:17:42,065 - Lena - Ecuria - INFO - Extraction de la date du nom du fichier liste mercredi 10-12-2025.xlsx
2025-12-13 19:17:42,068 - Lena - Ecuria - DEBUG - date 2025-12-10 00:00:00
2025-12-13 19:17:42,068 - Lena - Ecuria - DEBUG - planning.liste_eleve {'9H LENA': [['KYLLIAN', -1], ['TARA', 6]], '10H LENA': [['RAPHAELLE', -1], ['MAELLE', -1], ['MAEVA', -1], ['JULLIA', -1], ['HUGO', -1], ['JOHAN', -1], ['XCBNXC', 3]], '13H30 LENA': [['MIA', -1], ['NATHANAELLE', -1], ['ROSE', -1], ['ESTELLE', -1], ['LOU', -1], ['ILIADE', -1], ['LOUISE', -1]], '14H LENA': [['LOLA', -1], ['VICTOIRE', -1], ['LILA', -1], ['LEONIE', -1], ['JULIA', -1], ['NOA', -1], ['LAURA', -1], ['ELENA', -1]], '15H LENA': [['EMMY', -1], ['JOY', -1], ['LEA', -1], ['LOANE', -1], ['CELIA', -1], ['LYA', -1], ['ANNA ROSA', -1], ['MANON', -1]], '15H MANON': [['CHLOE', -1], ['AMBRE', -1], ['HANAE', -1], ['MAELIA', -1], ['JESSY', -1], ['CANDICE', -1], ['MARIE LOU', -1]], '16H LENA': [['LIHANNA', -1], ['ROMANE', -1], ['JULIETTE', -1], ['NINA T', -1], ['LOUNEA', -1], ['LAURA', -1], ['LOANE', -1], ['KIARA', -1], ['NINA S', -1]], '17H LENA': [['CHIARA', -1], ['SOFIA', -1], ['ANAIS', -1], ['ANNABELLE', -1], ['OCEANE', -1], ['TIMEO', -1], ['ZOE', -1], ['MARGARIDA', -1]], '17H MANON': [['EDEN', -1], ['LENA', -1], ['INAYA', -1], ['ANAIS', -1], ['NAHIA', -1], ['LUCIE', -1], ['ELEA', -1], ['CHIARA', -1], ['LISON', -1]], '18H LENA': [['LENA', -1], ['MANI TAO', -1], ['DIANE', -1], ['DOMITILLE', -1]], '18H MANON': [['ANNE SOPHIE', -1], ['GABY', -1], ['LOUANE', -1], ['LOLA', -1], ['STELLA', -1], ['CLEMENCE', -1], ['LEYA', -1], ['CAMILLE', -1], ['EMMY', -1]], '19H LENA': [['EMMA', -1], ['ERIC', -1], ['EMILIE B', -1], ['AMANDA', -1], ['AMANDINE', -1], ['EMILIE A', -1], ['JULIEN', -1], ['AMANDINE (Cï¿½LIA)', -1], ['COLINE', -1]]}
2025-12-13 19:17:42,069 - Lena - Ecuria - INFO - Récupération des données depuis le fichier Excel D:/propre/autre/projet/code/ecuria/liste mercredi/liste mercredi 10-12-2025.xlsx
2025-12-13 19:17:42,118 - Lena - Ecuria - INFO - Remplissage des données des chevaux
2025-12-13 19:17:42,118 - Lena - Ecuria - DEBUG - remplir_cheval    dict_chevaux {'VIOLETTE': [0, 0], 'NEVA': [1, 0], 'BRIOSSO': [2, 0], 'SURPRISE': [3, 0], 'PEPITE': [4, 0], 'PANDA': [5, 0], 'PONPON': [6, 0], 'NUAGE': [7, 0], 'HOUSTON': [8, 0], 'REGLISSE': [9, 0], 'NAVARA': [10, 0], 'P. TONNERRE': [11, 0], 'GRISETTE': [12, 0], 'DANETTE': [13, 0], 'TIC': [14, 0], 'TAC': [15, 0], 'SEGOVIA': [16, 0], 'LITTLE': [17, 0], 'PAOLA': [18, 0], 'MANGO': [19, 0], 'SORBET': [20, 0], 'RASTA': [21, 0], 'PEGASE': [22, 0], 'BALKIS': [23, 0], 'BALI': [24, 0], 'CARA': [25, 0], 'SAMOURAI': [26, 0], 'FLICKA': [27, 0], 'BANZAI': [28, 0], 'KID': [29, 0], 'DIESEL': [30, 0], 'SHAMIRA': [31, 0], 'SINAI': [32, 0], 'ETOILE': [33, 0], 'VASCO': [34, 0], 'DOMINO': [35, 0], 'ESPOIR': [36, 0], 'JAZZY': [37, 0], 'ICHIBAI': [38, 0], 'CHOGUN': [39, 0], 'ALTAI': [40, 0], 'WAR': [41, 0], 'TALIA': [42, 0], 'TANGO': [43, 0], 'ICARE': [44, 0], 'ENZO': [45, 0], 'FGHFG': [46, 0]}
2025-12-13 19:17:42,118 - Lena - Ecuria - INFO - Affichage du planning pour le jour Mercredi
2025-12-13 19:17:42,119 - Lena - Ecuria - INFO - Extraction de la date du nom du fichier liste mercredi 01-10-2025.xlsx
2025-12-13 19:17:42,119 - Lena - Ecuria - INFO - Extraction de la date du nom du fichier liste mercredi 03-04-2024.xlsx
2025-12-13 19:17:42,120 - Lena - Ecuria - INFO - Extraction de la date du nom du fichier liste mercredi 03-12-2025.xlsx
2025-12-13 19:17:42,120 - Lena - Ecuria - INFO - Extraction de la date du nom du fichier liste mercredi 04-10-2023.xlsx
2025-12-13 19:17:42,120 - Lena - Ecuria - INFO - Extraction de la date du nom du fichier liste mercredi 05-03-2025.xlsx
2025-12-13 19:17:42,121 - Lena - Ecuria - INFO - Extraction de la date du nom du fichier liste mercredi 06-03-2024.xlsx
2025-12-13 19:17:42,121 - Lena - Ecuria - INFO - Extraction de la date du nom du fichier liste mercredi 10-12-2025.xlsx
2025-12-13 19:17:42,121 - Lena - Ecuria - INFO - Extraction de la date du nom du fichier liste mercredi 11-10-2023.xlsx
2025-12-13 19:17:42,121 - Lena - Ecuria - INFO - Extraction de la date du nom du fichier liste mercredi 13-03-2024.xlsx
2025-12-13 19:17:42,122 - Lena - Ecuria - INFO - Extraction de la date du nom du fichier liste mercredi 17-09-2025.xlsx
2025-12-13 19:17:42,122 - Lena - Ecuria - INFO - Extraction de la date du nom du fichier liste mercredi 18-10-2023.xlsx
2025-12-13 19:17:42,123 - Lena - Ecuria - INFO - Extraction de la date du nom du fichier liste mercredi 20-09-2023.xlsx
2025-12-13 19:17:42,123 - Lena - Ecuria - INFO - Extraction de la date du nom du fichier liste mercredi 27-03-2024.xlsx
2025-12-13 19:17:42,123 - Lena - Ecuria - INFO - Extraction de la date du nom du fichier liste mercredi 27-09-2023.xlsx
2025-12-13 19:17:42,123 - Lena - Ecuria - INFO - Extraction de la date du nom du fichier liste mercredi 27-12-2023.xlsx
2025-12-13 19:17:42,124 - Lena - Ecuria - INFO - Extraction de la date du nom du fichier liste mercredi 30-04-2025.xlsx
2025-12-13 19:17:42,124 - Lena - Ecuria - INFO - Tri des fichiers par date
2025-12-13 19:17:42,124 - Lena - Ecuria - DEBUG - liste [('liste mercredi 10-12-2025.xlsx', datetime.datetime(2025, 12, 10, 0, 0)), ('liste mercredi 03-12-2025.xlsx', datetime.datetime(2025, 12, 3, 0, 0)), ('liste mercredi 01-10-2025.xlsx', datetime.datetime(2025, 10, 1, 0, 0)), ('liste mercredi 17-09-2025.xlsx', datetime.datetime(2025, 9, 17, 0, 0)), ('liste mercredi 30-04-2025.xlsx', datetime.datetime(2025, 4, 30, 0, 0)), ('liste mercredi 05-03-2025.xlsx', datetime.datetime(2025, 3, 5, 0, 0)), ('liste mercredi 03-04-2024.xlsx', datetime.datetime(2024, 4, 3, 0, 0)), ('liste mercredi 27-03-2024.xlsx', datetime.datetime(2024, 3, 27, 0, 0)), ('liste mercredi 13-03-2024.xlsx', datetime.datetime(2024, 3, 13, 0, 0)), ('liste mercredi 06-03-2024.xlsx', datetime.datetime(2024, 3, 6, 0, 0)), ('liste mercredi 27-12-2023.xlsx', datetime.datetime(2023, 12, 27, 0, 0)), ('liste mercredi 18-10-2023.xlsx', datetime.datetime(2023, 10, 18, 0, 0)), ('liste mercredi 11-10-2023.xlsx', datetime.datetime(2023, 10, 11, 0, 0)), ('liste mercredi 04-10-2023.xlsx', datetime.datetime(2023, 10, 4, 0, 0)), ('liste mercredi 27-09-2023.xlsx', datetime.datetime(2023, 9, 27, 0, 0)), ('liste mercredi 20-09-2023.xlsx', datetime.datetime(2023, 9, 20, 0, 0))]
2025-12-13 19:17:42,124 - Lena - Ecuria - DEBUG - selected_ind 0
2025-12-13 19:17:42,125 - Lena - Ecuria - DEBUG - nb_fichier 4
2025-12-13 19:17:42,125 - Lena - Ecuria - DEBUG - liste ['liste mercredi 03-12-2025.xlsx', 'liste mercredi 01-10-2025.xlsx', 'liste mercredi 17-09-2025.xlsx']
2025-12-13 19:17:42,125 - Lena - Ecuria - INFO - Récupération des données depuis le fichier Excel D:/propre/autre/projet/code/ecuria/liste mercredi/liste mercredi 03-12-2025.xlsx
2025-12-13 19:17:42,166 - Lena - Ecuria - INFO - Récupération des données depuis le fichier Excel D:/propre/autre/projet/code/ecuria/liste mercredi/liste mercredi 01-10-2025.xlsx
2025-12-13 19:17:42,209 - Lena - Ecuria - INFO - Récupération des données depuis le fichier Excel D:/propre/autre/projet/code/ecuria/liste mercredi/liste mercredi 17-09-2025.xlsx
2025-12-13 19:17:44,164 - Lena - Ecuria - DEBUG - Fichier liste mercredi 10-12-2025.xlsx chargé avec succès.
2025-12-13 19:17:44,165 - Lena - Ecuria - INFO - Remplissage de la liste des heures
2025-12-13 19:17:44,165 - Lena - Ecuria - INFO - Ajout des chevaux dans la listebox
2025-12-13 19:17:44,166 - Lena - Ecuria - INFO - Changement de l'heure de la cellule à 9H LENA
2025-12-13 19:17:44,167 - Lena - Ecuria - INFO - Changement de l'heure pour la cellule à 9H LENA
2025-12-13 19:17:44,167 - Lena - Ecuria - INFO - Ajout des élèves pour l'heure 9H LENA
2025-12-13 19:17:44,167 - Lena - Ecuria - INFO - Vidage de la listebox
2025-12-13 19:17:44,167 - Lena - Ecuria - INFO - Insertion de l'élève ['KYLLIAN', -1] dans la listebox
2025-12-13 19:17:44,168 - Lena - Ecuria - INFO - Insertion de l'élève ['TARA', 6] dans la listebox
2025-12-13 19:17:44,168 - Lena - Ecuria - INFO - Coloration des chevaux en fonction de leur disponibilité
2025-12-13 19:17:44,168 - Lena - Ecuria - INFO - Coloration des chevaux en fonction des élèves présents à l'heure 9H LENA
2025-12-13 19:17:46,209 - Lena - Ecuria - INFO - Définition de l'heure suivante pour la cellule
2025-12-13 19:17:46,209 - Lena - Ecuria - INFO - Changement de l'heure pour la cellule à 10H LENA
2025-12-13 19:17:46,210 - Lena - Ecuria - INFO - Ajout des élèves pour l'heure 10H LENA
2025-12-13 19:17:46,210 - Lena - Ecuria - INFO - Vidage de la listebox
2025-12-13 19:17:46,210 - Lena - Ecuria - INFO - Insertion de l'élève ['RAPHAELLE', -1] dans la listebox
2025-12-13 19:17:46,210 - Lena - Ecuria - INFO - Insertion de l'élève ['MAELLE', -1] dans la listebox
2025-12-13 19:17:46,211 - Lena - Ecuria - INFO - Insertion de l'élève ['MAEVA', -1] dans la listebox
2025-12-13 19:17:46,211 - Lena - Ecuria - INFO - Insertion de l'élève ['JULLIA', -1] dans la listebox
2025-12-13 19:17:46,211 - Lena - Ecuria - INFO - Insertion de l'élève ['HUGO', -1] dans la listebox
2025-12-13 19:17:46,211 - Lena - Ecuria - INFO - Insertion de l'élève ['JOHAN', -1] dans la listebox
2025-12-13 19:17:46,212 - Lena - Ecuria - INFO - Insertion de l'élève ['XCBNXC', 3] dans la listebox
2025-12-13 19:17:46,213 - Lena - Ecuria - INFO - Coloration des chevaux en fonction de leur disponibilité
2025-12-13 19:17:46,213 - Lena - Ecuria - INFO - Coloration des chevaux en fonction des élèves présents à l'heure 10H LENA
2025-12-13 19:17:58,221 - Lena - Ecuria - INFO - Sélection d'un cheval : (0, 'PONPON')
2025-12-13 19:17:58,222 - Lena - Ecuria - INFO - Insertion des heures de travail pour le cheval PONPON
2025-12-13 19:17:58,222 - Lena - Ecuria - INFO - Vidage de la listebox
2025-12-13 19:17:59,357 - Lena - Ecuria - INFO - Sélection d'un élève : JULLIA
2025-12-13 19:17:59,358 - Lena - Ecuria - DEBUG - cellule.eleve JULLIA
2025-12-13 19:17:59,359 - Lena - Ecuria - INFO - Coloration des chevaux en fonction de leur disponibilité
2025-12-13 19:17:59,359 - Lena - Ecuria - INFO - Coloration des chevaux anciens en fonction de leur disponibilité
2025-12-13 19:17:59,360 - Lena - Ecuria - INFO - Coloration des chevaux en fonction des élèves présents à l'heure 10H LENA
2025-12-13 19:18:00,422 - Lena - Ecuria - INFO - Sélection d'un élève : JOHAN
2025-12-13 19:18:00,423 - Lena - Ecuria - DEBUG - cellule.eleve JOHAN
2025-12-13 19:18:00,423 - Lena - Ecuria - INFO - Coloration des chevaux en fonction de leur disponibilité
2025-12-13 19:18:00,424 - Lena - Ecuria - INFO - Coloration des chevaux anciens en fonction de leur disponibilité
2025-12-13 19:18:00,424 - Lena - Ecuria - INFO - Coloration des chevaux en fonction des élèves présents à l'heure 10H LENA
2025-12-13 19:18:06,140 - Lena - Ecuria - INFO - Définition de l'heure suivante pour la cellule
2025-12-13 19:18:06,141 - Lena - Ecuria - INFO - Changement de l'heure pour la cellule à 13H30 LENA
2025-12-13 19:18:06,141 - Lena - Ecuria - INFO - Ajout des élèves pour l'heure 13H30 LENA
2025-12-13 19:18:06,141 - Lena - Ecuria - INFO - Vidage de la listebox
2025-12-13 19:18:06,141 - Lena - Ecuria - INFO - Insertion de l'élève ['MIA', -1] dans la listebox
2025-12-13 19:18:06,141 - Lena - Ecuria - INFO - Insertion de l'élève ['NATHANAELLE', -1] dans la listebox
2025-12-13 19:18:06,142 - Lena - Ecuria - INFO - Insertion de l'élève ['ROSE', -1] dans la listebox
2025-12-13 19:18:06,142 - Lena - Ecuria - INFO - Insertion de l'élève ['ESTELLE', -1] dans la listebox
2025-12-13 19:18:06,142 - Lena - Ecuria - INFO - Insertion de l'élève ['LOU', -1] dans la listebox
2025-12-13 19:18:06,142 - Lena - Ecuria - INFO - Insertion de l'élève ['ILIADE', -1] dans la listebox
2025-12-13 19:18:06,144 - Lena - Ecuria - INFO - Insertion de l'élève ['LOUISE', -1] dans la listebox
2025-12-13 19:18:06,144 - Lena - Ecuria - INFO - Coloration des chevaux en fonction de leur disponibilité
2025-12-13 19:18:06,144 - Lena - Ecuria - INFO - Coloration des chevaux en fonction des élèves présents à l'heure 13H30 LENA
2025-12-13 19:18:07,318 - Lena - Ecuria - INFO - Définition de l'heure précédente pour la cellule
2025-12-13 19:18:07,318 - Lena - Ecuria - INFO - Changement de l'heure pour la cellule à 10H LENA
2025-12-13 19:18:07,318 - Lena - Ecuria - INFO - Ajout des élèves pour l'heure 10H LENA
2025-12-13 19:18:07,318 - Lena - Ecuria - INFO - Vidage de la listebox
2025-12-13 19:18:07,319 - Lena - Ecuria - INFO - Insertion de l'élève ['RAPHAELLE', -1] dans la listebox
2025-12-13 19:18:07,320 - Lena - Ecuria - INFO - Insertion de l'élève ['MAELLE', -1] dans la listebox
2025-12-13 19:18:07,320 - Lena - Ecuria - INFO - Insertion de l'élève ['MAEVA', -1] dans la listebox
2025-12-13 19:18:07,320 - Lena - Ecuria - INFO - Insertion de l'élève ['JULLIA', -1] dans la listebox
2025-12-13 19:18:07,320 - Lena - Ecuria - INFO - Insertion de l'élève ['HUGO', -1] dans la listebox
2025-12-13 19:18:07,321 - Lena - Ecuria - INFO - Insertion de l'élève ['JOHAN', -1] dans la listebox
2025-12-13 19:18:07,321 - Lena - Ecuria - INFO - Insertion de l'élève ['XCBNXC', 3] dans la listebox
2025-12-13 19:18:07,321 - Lena - Ecuria - INFO - Coloration des chevaux en fonction de leur disponibilité
2025-12-13 19:18:07,322 - Lena - Ecuria - INFO - Coloration des chevaux en fonction des élèves présents à l'heure 10H LENA
2025-12-13 19:18:11,043 - Lena - Ecuria - INFO - Sélection d'un élève : MAEVA
2025-12-13 19:18:11,043 - Lena - Ecuria - DEBUG - cellule.eleve MAEVA
2025-12-13 19:18:11,043 - Lena - Ecuria - INFO - Coloration des chevaux en fonction de leur disponibilité
2025-12-13 19:18:11,044 - Lena - Ecuria - INFO - Coloration des chevaux anciens en fonction de leur disponibilité
2025-12-13 19:18:11,044 - Lena - Ecuria - INFO - Coloration des chevaux en fonction des élèves présents à l'heure 10H LENA
2025-12-13 19:18:13,438 - Lena - Ecuria - INFO - Sélection d'un cheval : (0, 'HOUSTON')
2025-12-13 19:18:13,438 - Lena - Ecuria - INFO - Insertion des heures de travail pour le cheval HOUSTON
2025-12-13 19:18:13,439 - Lena - Ecuria - INFO - Vidage de la listebox
2025-12-13 19:18:15,021 - Lena - Ecuria - INFO - Ajout d'une cellule au planning pour le cheval HOUSTON à l'heure 10H LENA
2025-12-13 19:18:15,022 - Lena - Ecuria - DEBUG - bg_color white
2025-12-13 19:18:15,022 - Lena - Ecuria - INFO - Coloration de l'élève à l'index 2 en rouge
2025-12-13 19:18:15,022 - Lena - Ecuria - INFO - Ajout du cheval HOUSTON à l'index (8,)
2025-12-13 19:18:15,023 - Lena - Ecuria - INFO - Affichage du planning pour le jour Mercredi
2025-12-13 19:18:15,023 - Lena - Ecuria - INFO - Coloration des chevaux en fonction des élèves présents à l'heure 10H LENA
2025-12-13 19:18:15,024 - Lena - Ecuria - INFO - Insertion des heures de travail pour le cheval HOUSTON
2025-12-13 19:18:15,025 - Lena - Ecuria - INFO - Vidage de la listebox
2025-12-13 19:18:15,025 - Lena - Ecuria - INFO - Ajout à l'historique : ajout ('10H LENA', 'HOUSTON', 'MAEVA')
2025-12-13 19:18:35,153 - Lena - Ecuria - INFO - Sélection d'un élève : RAPHAELLE
2025-12-13 19:18:35,153 - Lena - Ecuria - DEBUG - cellule.eleve RAPHAELLE
2025-12-13 19:18:35,155 - Lena - Ecuria - INFO - Coloration des chevaux en fonction de leur disponibilité
2025-12-13 19:18:35,155 - Lena - Ecuria - INFO - Coloration des chevaux anciens en fonction de leur disponibilité
2025-12-13 19:18:35,156 - Lena - Ecuria - INFO - Coloration des chevaux en fonction des élèves présents à l'heure 10H LENA
2025-12-13 19:18:37,226 - Lena - Ecuria - INFO - Sélection d'un élève : MAELLE
2025-12-13 19:18:37,227 - Lena - Ecuria - DEBUG - cellule.eleve MAELLE
2025-12-13 19:18:37,228 - Lena - Ecuria - INFO - Coloration des chevaux en fonction de leur disponibilité
2025-12-13 19:18:37,229 - Lena - Ecuria - INFO - Coloration des chevaux anciens en fonction de leur disponibilité
2025-12-13 19:18:37,230 - Lena - Ecuria - INFO - Coloration des chevaux en fonction des élèves présents à l'heure 10H LENA
2025-12-13 19:18:38,519 - Lena - Ecuria - INFO - Sélection d'un élève : JULLIA
2025-12-13 19:18:38,520 - Lena - Ecuria - DEBUG - cellule.eleve JULLIA
2025-12-13 19:18:38,520 - Lena - Ecuria - INFO - Coloration des chevaux en fonction de leur disponibilité
2025-12-13 19:18:38,521 - Lena - Ecuria - INFO - Coloration des chevaux anciens en fonction de leur disponibilité
2025-12-13 19:18:38,521 - Lena - Ecuria - INFO - Coloration des chevaux en fonction des élèves présents à l'heure 10H LENA
2025-12-13 19:18:39,420 - Lena - Ecuria - INFO - Sélection d'un élève : HUGO
2025-12-13 19:18:39,421 - Lena - Ecuria - DEBUG - cellule.eleve HUGO
2025-12-13 19:18:39,422 - Lena - Ecuria - INFO - Coloration des chevaux en fonction de leur disponibilité
2025-12-13 19:18:39,423 - Lena - Ecuria - INFO - Coloration des chevaux anciens en fonction de leur disponibilité
2025-12-13 19:18:39,424 - Lena - Ecuria - INFO - Coloration des chevaux en fonction des élèves présents à l'heure 10H LENA
2025-12-13 19:18:40,214 - Lena - Ecuria - INFO - Sélection d'un élève : HUGO
2025-12-13 19:18:40,214 - Lena - Ecuria - DEBUG - cellule.eleve HUGO
2025-12-13 19:18:40,215 - Lena - Ecuria - INFO - Coloration des chevaux en fonction de leur disponibilité
2025-12-13 19:18:40,216 - Lena - Ecuria - INFO - Coloration des chevaux anciens en fonction de leur disponibilité
2025-12-13 19:18:40,216 - Lena - Ecuria - INFO - Coloration des chevaux en fonction des élèves présents à l'heure 10H LENA
2025-12-13 19:19:00,527 - Lena - Ecuria - INFO - Sélection d'un cheval : (1, 'HOUSTON')
2025-12-13 19:19:00,527 - Lena - Ecuria - INFO - Insertion des heures de travail pour le cheval HOUSTON
2025-12-13 19:19:00,527 - Lena - Ecuria - INFO - Vidage de la listebox
2025-12-13 19:19:01,527 - Lena - Ecuria - INFO - Sélection d'un cheval : (0, 'REGLISSE')
2025-12-13 19:19:01,528 - Lena - Ecuria - INFO - Insertion des heures de travail pour le cheval REGLISSE
2025-12-13 19:19:01,528 - Lena - Ecuria - INFO - Vidage de la listebox
2025-12-13 19:31:54,934 - Lena - Ecuria - INFO - Changement en mode paramètres
2025-12-13 19:31:54,935 - Lena - Ecuria - INFO - Affichage de l'interface des paramètres
2025-12-13 19:31:55,007 - Lena - Ecuria - INFO - Lecture des paramètres
2025-12-13 19:31:55,007 - Lena - Ecuria - INFO - Lecture du fichier cavalier pour le jour semaine
2025-12-13 19:31:55,010 - Lena - Ecuria - INFO - Lecture du fichier cavalier pour le jour mercredi
2025-12-13 19:31:55,011 - Lena - Ecuria - INFO - Lecture du fichier cavalier pour le jour samedi
2025-12-13 19:31:55,013 - Lena - Ecuria - INFO - Lecture du fichier de chevaux : parametre/liste_cheval_semaine.txt
2025-12-13 19:31:55,014 - Lena - Ecuria - INFO - Lecture du fichier de chevaux : parametre/liste_cheval.txt
2025-12-13 19:31:55,015 - Lena - Ecuria - DEBUG - dict_eleve {'Semaine': {'18H30 MARDI': [['TARA', 9]], '19H30 MARDI': [['KYKY', -1], ['TOM', 7]], '19H00 JEUDI': [], '20H00 JEUDI': [], '19H00 VENDREDI': [['TARA', -1]], '20H00 VENDREDI': [], '21H00 VENDREDI': []}, 'Mercredi': {'9H LENA': [['KYLLIAN', -1], ['TARA', 6]], '10H LENA': [['RAPHAELLE', -1], ['MAELLE', -1], ['MAEVA', -1], ['JULLIA', -1], ['HUGO', -1], ['JOHAN', -1], ['XCBNXC', 3]], '13H30 LENA': [['MIA', -1], ['NATHANAELLE', -1], ['ROSE', -1], ['ESTELLE', -1], ['LOU', -1], ['ILIADE', -1], ['LOUISE', -1]], '14H LENA': [['LOLA', -1], ['VICTOIRE', -1], ['LILA', -1], ['LEONIE', -1], ['JULIA', -1], ['NOA', -1], ['LAURA', -1], ['ELENA', -1]], '15H LENA': [['EMMY', -1], ['JOY', -1], ['LEA', -1], ['LOANE', -1], ['CELIA', -1], ['LYA', -1], ['ANNA ROSA', -1], ['MANON', -1]], '15H MANON': [['CHLOE', -1], ['AMBRE', -1], ['HANAE', -1], ['MAELIA', -1], ['JESSY', -1], ['CANDICE', -1], ['MARIE LOU', -1]], '16H LENA': [['LIHANNA', -1], ['ROMANE', -1], ['JULIETTE', -1], ['NINA T', -1], ['LOUNEA', -1], ['LAURA', -1], ['LOANE', -1], ['KIARA', -1], ['NINA S', -1]], '17H LENA': [['CHIARA', -1], ['SOFIA', -1], ['ANAIS', -1], ['ANNABELLE', -1], ['OCEANE', -1], ['TIMEO', -1], ['ZOE', -1], ['MARGARIDA', -1]], '17H MANON': [['EDEN', -1], ['LENA', -1], ['INAYA', -1], ['ANAIS', -1], ['NAHIA', -1], ['LUCIE', -1], ['ELEA', -1], ['CHIARA', -1], ['LISON', -1]], '18H LENA': [['LENA', -1], ['MANI TAO', -1], ['DIANE', -1], ['DOMITILLE', -1]], '18H MANON': [['ANNE SOPHIE', -1], ['GABY', -1], ['LOUANE', -1], ['LOLA', -1], ['STELLA', -1], ['CLEMENCE', -1], ['LEYA', -1], ['CAMILLE', -1], ['EMMY', -1]], '19H LENA': [['EMMA', -1], ['ERIC', -1], ['EMILIE B', -1], ['AMANDA', -1], ['AMANDINE', -1], ['EMILIE A', -1], ['JULIEN', -1], ['AMANDINE (Cï¿½LIA)', -1], ['COLINE', -1]]}, 'Samedi': {'9H30 L': [['MAILYS', -1], ['LILY', -1], ['JADE', -1], ['MARION', -1], ['CELIA FA', -1], ['CELIA SF', -1], ['CELIA FR', -1], ['KYLLIAN', 1]], '9H30 K': [], '10H30 L': [['LISA', -1], ['NOA', 4], ['LILA', -1], ['CLOE', -1], ['CLEMENT', -1], ['HELOISE', -1], ['LENA', -1], ['MAELINE', -1], ['MAHILYS', -1]], '10H30 K': [], '11H30 L': [['PIERRE', -1], ['GABIN', -1], ['VALENTINE', -1], ['PAUL', -1], ['QUENTIN', -1], ['CHLOE', -1], ['LOU', -1], ['MEYSSON', 2], ['JABAL', -1], ['ELLIE', -1]], '11H30 K': [], '12H00 L': [['ENZO', -1], ['OCEANE', -1], ['CLEMENCE', -1], ['SASHA', -1], ['ZACK', -1], ['CLARISSE', -1], ['MANON', -1], ['AMBRE', -1], ['LEELOU', -1]], '12H30 K': [], '13H00 K': [], '14H00 L': [['YANIS', -1], ['ANNA', -1], ['AELYS', -1], ['VALENTINE', -1], ['MAELYS', -1], ['MAELLE', -1], ['AMANDINE', -1], ['JULIEN', -1]], '14H00 K': [['LENA', -1]], '15H00 L': [['EMMA P', -1], ['LOUISE', -1], ['EMMA L', -1], ['ELINA', -1], ['LOANE', -1], ['GIULIA', -1], ['JULIE', -1], ['LEA', -1]], '16H00 K': [], '16H00 L': [['LANA', -1], ['LEXIE', -1], ['LEA', -1], ['MAEL', -1], ['MAYRA', -1], ['ANNA', -1]], '17H00 K': [], '17H00 L': [['ELISA', -1], ['ILONA', -1], ['MAEVA', -1], ['HANAE', -1], ['CHARLYNE', -1], ['CHARLINE', -1], ['THAIS', -1], ['ZELI', -1]], '18H00 K': []}}
2025-12-13 19:31:55,017 - Lena - Ecuria - DEBUG - dict_cheval {'Semaine': {'MANGO': [0, 0], 'SHAMIRA': [1, 0], 'RASTA': [2, 0], 'PEGASE': [3, 0], 'BALKIS': [4, 0], 'BALI': [5, 0], 'SINAI': [6, 0], 'CARA': [7, 0], 'SAMOURAI': [8, 0], 'FLICKA': [9, 0], 'ESPOIR': [10, 0], 'KID': [11, 0], 'DIESEL': [12, 0], 'SHEITAN': [13, 0], 'ETOILE': [14, 0], 'VASCO': [15, 0], 'DOMINO': [16, 0], 'BANZAI': [17, 0], 'ICHIBAI': [18, 0], 'ALTAI': [19, 0], 'JAZZY': [20, 0], 'CHOGUN': [21, 0], 'TANGO': [22, 0], 'HENDRICK': [23, 0], 'COTENTIN': [24, 0], 'ARKANSAS': [25, 0], 'EVER': [26, 0], 'TALIA': [27, 0], 'ULYSSE': [28, 0], 'TILA': [29, 0], 'WAR': [30, 0], 'ENZO': [31, 0], 'CANTO': [32, 0], 'GOLD': [33, 0], 'BABA': [34, 0], 'JAVA': [35, 0], 'PICKEUR': [36, 0], 'VALESCO': [37, 0], 'SACRA': [38, 0], 'BELLA': [39, 0], 'DENFER': [40, 0], 'FELINA': [41, 0], 'KABIL': [42, 0]}, 'Samedi': {'VIOLETTE': [0, 0], 'NEVA': [1, 0], 'BRIOSSO': [2, 0], 'SURPRISE': [3, 0], 'PEPITE': [4, 0], 'PANDA': [5, 0], 'PONPON': [6, 0], 'NUAGE': [7, 0], 'HOUSTON': [8, 1], 'REGLISSE': [9, 0], 'NAVARA': [10, 0], 'P. TONNERRE': [11, 0], 'GRISETTE': [12, 0], 'DANETTE': [13, 0], 'TIC': [14, 0], 'TAC': [15, 0], 'SEGOVIA': [16, 0], 'LITTLE': [17, 0], 'PAOLA': [18, 0], 'MANGO': [19, 0], 'SORBET': [20, 0], 'RASTA': [21, 0], 'PEGASE': [22, 0], 'BALKIS': [23, 0], 'BALI': [24, 0], 'CARA': [25, 0], 'SAMOURAI': [26, 0], 'FLICKA': [27, 0], 'BANZAI': [28, 0], 'KID': [29, 0], 'DIESEL': [30, 0], 'SHAMIRA': [31, 0], 'SINAI': [32, 0], 'ETOILE': [33, 0], 'VASCO': [34, 0], 'DOMINO': [35, 0], 'ESPOIR': [36, 0], 'JAZZY': [37, 0], 'ICHIBAI': [38, 0], 'CHOGUN': [39, 0], 'ALTAI': [40, 0], 'WAR': [41, 0], 'TALIA': [42, 0], 'TANGO': [43, 0], 'ICARE': [44, 0], 'ENZO': [45, 0], 'FGHFG': [46, 0]}, 'Mercredi': {'VIOLETTE': [0, 0], 'NEVA': [1, 0], 'BRIOSSO': [2, 0], 'SURPRISE': [3, 0], 'PEPITE': [4, 0], 'PANDA': [5, 0], 'PONPON': [6, 0], 'NUAGE': [7, 0], 'HOUSTON': [8, 1], 'REGLISSE': [9, 0], 'NAVARA': [10, 0], 'P. TONNERRE': [11, 0], 'GRISETTE': [12, 0], 'DANETTE': [13, 0], 'TIC': [14, 0], 'TAC': [15, 0], 'SEGOVIA': [16, 0], 'LITTLE': [17, 0], 'PAOLA': [18, 0], 'MANGO': [19, 0], 'SORBET': [20, 0], 'RASTA': [21, 0], 'PEGASE': [22, 0], 'BALKIS': [23, 0], 'BALI': [24, 0], 'CARA': [25, 0], 'SAMOURAI': [26, 0], 'FLICKA': [27, 0], 'BANZAI': [28, 0], 'KID': [29, 0], 'DIESEL': [30, 0], 'SHAMIRA': [31, 0], 'SINAI': [32, 0], 'ETOILE': [33, 0], 'VASCO': [34, 0], 'DOMINO': [35, 0], 'ESPOIR': [36, 0], 'JAZZY': [37, 0], 'ICHIBAI': [38, 0], 'CHOGUN': [39, 0], 'ALTAI': [40, 0], 'WAR': [41, 0], 'TALIA': [42, 0], 'TANGO': [43, 0], 'ICARE': [44, 0], 'ENZO': [45, 0], 'FGHFG': [46, 0]}}
2025-12-13 19:31:55,018 - Lena - Ecuria - INFO - Remplissage de la listebox des moniteurs
2025-12-13 19:32:01,059 - Lena - Ecuria - INFO - Sélection d'une heure : 13H30 LENA
2025-12-13 19:32:01,060 - Lena - Ecuria - INFO - Remplissage de la listebox des élèves
2025-12-13 19:32:02,351 - Lena - Ecuria - INFO - Sélection d'une heure : 14H LENA
2025-12-13 19:32:02,351 - Lena - Ecuria - INFO - Remplissage de la listebox des élèves
2025-12-13 19:32:19,667 - Lena - Ecuria - INFO - Sélection d'une heure : 9H LENA
2025-12-13 19:32:19,668 - Lena - Ecuria - INFO - Remplissage de la listebox des élèves
2025-12-13 19:32:44,989 - Lena - Ecuria - INFO - Changement en mode par défaut
2025-12-13 19:32:44,990 - Lena - Ecuria - INFO - Réinitialisation de l'interface par défaut
2025-12-13 19:32:45,035 - Lena - Ecuria - INFO - Remplissage des données des chevaux
2025-12-13 19:32:45,035 - Lena - Ecuria - DEBUG - remplir_cheval    dict_chevaux {'VIOLETTE': [0, 0], 'NEVA': [1, 0], 'BRIOSSO': [2, 0], 'SURPRISE': [3, 0], 'PEPITE': [4, 0], 'PANDA': [5, 0], 'PONPON': [6, 0], 'NUAGE': [7, 0], 'HOUSTON': [8, 1], 'REGLISSE': [9, 0], 'NAVARA': [10, 0], 'P. TONNERRE': [11, 0], 'GRISETTE': [12, 0], 'DANETTE': [13, 0], 'TIC': [14, 0], 'TAC': [15, 0], 'SEGOVIA': [16, 0], 'LITTLE': [17, 0], 'PAOLA': [18, 0], 'MANGO': [19, 0], 'SORBET': [20, 0], 'RASTA': [21, 0], 'PEGASE': [22, 0], 'BALKIS': [23, 0], 'BALI': [24, 0], 'CARA': [25, 0], 'SAMOURAI': [26, 0], 'FLICKA': [27, 0], 'BANZAI': [28, 0], 'KID': [29, 0], 'DIESEL': [30, 0], 'SHAMIRA': [31, 0], 'SINAI': [32, 0], 'ETOILE': [33, 0], 'VASCO': [34, 0], 'DOMINO': [35, 0], 'ESPOIR': [36, 0], 'JAZZY': [37, 0], 'ICHIBAI': [38, 0], 'CHOGUN': [39, 0], 'ALTAI': [40, 0], 'WAR': [41, 0], 'TALIA': [42, 0], 'TANGO': [43, 0], 'ICARE': [44, 0], 'ENZO': [45, 0], 'FGHFG': [46, 0]}
2025-12-13 19:32:45,036 - Lena - Ecuria - INFO - Ajout des chevaux dans la listebox
2025-12-13 19:32:45,040 - Lena - Ecuria - INFO - Coloration des chevaux en fonction de leur disponibilité
2025-12-13 19:32:45,041 - Lena - Ecuria - INFO - Coloration des chevaux en fonction des élèves présents à l'heure 10H LENA
2025-12-13 19:32:45,042 - Lena - Ecuria - INFO - Ajout des élèves pour l'heure 10H LENA
2025-12-13 19:32:45,043 - Lena - Ecuria - INFO - Vidage de la listebox
2025-12-13 19:32:45,043 - Lena - Ecuria - INFO - Insertion de l'élève ['RAPHAELLE', -1] dans la listebox
2025-12-13 19:32:45,044 - Lena - Ecuria - INFO - Insertion de l'élève ['MAELLE', -1] dans la listebox
2025-12-13 19:32:45,045 - Lena - Ecuria - INFO - Insertion de l'élève ['MAEVA', -1] dans la listebox
2025-12-13 19:32:45,046 - Lena - Ecuria - INFO - Insertion de l'élève ['JULLIA', -1] dans la listebox
2025-12-13 19:32:45,046 - Lena - Ecuria - INFO - Insertion de l'élève ['HUGO', -1] dans la listebox
2025-12-13 19:32:45,047 - Lena - Ecuria - INFO - Insertion de l'élève ['JOHAN', -1] dans la listebox
2025-12-13 19:32:45,048 - Lena - Ecuria - INFO - Insertion de l'élève ['XCBNXC', 3] dans la listebox
2025-12-13 19:32:45,048 - Lena - Ecuria - DEBUG - planning.liste_eleve {'9H LENA': [['KYLLIAN', -1], ['TARA', 6]], '10H LENA': [['RAPHAELLE', -1], ['MAELLE', -1], ['MAEVA', -1], ['JULLIA', -1], ['HUGO', -1], ['JOHAN', -1], ['XCBNXC', 3]], '13H30 LENA': [['MIA', -1], ['NATHANAELLE', -1], ['ROSE', -1], ['ESTELLE', -1], ['LOU', -1], ['ILIADE', -1], ['LOUISE', -1]], '14H LENA': [['LOLA', -1], ['VICTOIRE', -1], ['LILA', -1], ['LEONIE', -1], ['JULIA', -1], ['NOA', -1], ['LAURA', -1], ['ELENA', -1]], '15H LENA': [['EMMY', -1], ['JOY', -1], ['LEA', -1], ['LOANE', -1], ['CELIA', -1], ['LYA', -1], ['ANNA ROSA', -1], ['MANON', -1]], '15H MANON': [['CHLOE', -1], ['AMBRE', -1], ['HANAE', -1], ['MAELIA', -1], ['JESSY', -1], ['CANDICE', -1], ['MARIE LOU', -1]], '16H LENA': [['LIHANNA', -1], ['ROMANE', -1], ['JULIETTE', -1], ['NINA T', -1], ['LOUNEA', -1], ['LAURA', -1], ['LOANE', -1], ['KIARA', -1], ['NINA S', -1]], '17H LENA': [['CHIARA', -1], ['SOFIA', -1], ['ANAIS', -1], ['ANNABELLE', -1], ['OCEANE', -1], ['TIMEO', -1], ['ZOE', -1], ['MARGARIDA', -1]], '17H MANON': [['EDEN', -1], ['LENA', -1], ['INAYA', -1], ['ANAIS', -1], ['NAHIA', -1], ['LUCIE', -1], ['ELEA', -1], ['CHIARA', -1], ['LISON', -1]], '18H LENA': [['LENA', -1], ['MANI TAO', -1], ['DIANE', -1], ['DOMITILLE', -1]], '18H MANON': [['ANNE SOPHIE', -1], ['GABY', -1], ['LOUANE', -1], ['LOLA', -1], ['STELLA', -1], ['CLEMENCE', -1], ['LEYA', -1], ['CAMILLE', -1], ['EMMY', -1]], '19H LENA': [['EMMA', -1], ['ERIC', -1], ['EMILIE B', -1], ['AMANDA', -1], ['AMANDINE', -1], ['EMILIE A', -1], ['JULIEN', -1], ['AMANDINE (Cï¿½LIA)', -1], ['COLINE', -1]]}
2025-12-13 19:32:45,050 - Lena - Ecuria - DEBUG - planning.cheval {'VIOLETTE': [0, 0], 'NEVA': [1, 0], 'BRIOSSO': [2, 0], 'SURPRISE': [3, 0], 'PEPITE': [4, 0], 'PANDA': [5, 0], 'PONPON': [6, 0], 'NUAGE': [7, 0], 'HOUSTON': [8, 1], 'REGLISSE': [9, 0], 'NAVARA': [10, 0], 'P. TONNERRE': [11, 0], 'GRISETTE': [12, 0], 'DANETTE': [13, 0], 'TIC': [14, 0], 'TAC': [15, 0], 'SEGOVIA': [16, 0], 'LITTLE': [17, 0], 'PAOLA': [18, 0], 'MANGO': [19, 0], 'SORBET': [20, 0], 'RASTA': [21, 0], 'PEGASE': [22, 0], 'BALKIS': [23, 0], 'BALI': [24, 0], 'CARA': [25, 0], 'SAMOURAI': [26, 0], 'FLICKA': [27, 0], 'BANZAI': [28, 0], 'KID': [29, 0], 'DIESEL': [30, 0], 'SHAMIRA': [31, 0], 'SINAI': [32, 0], 'ETOILE': [33, 0], 'VASCO': [34, 0], 'DOMINO': [35, 0], 'ESPOIR': [36, 0], 'JAZZY': [37, 0], 'ICHIBAI': [38, 0], 'CHOGUN': [39, 0], 'ALTAI': [40, 0], 'WAR': [41, 0], 'TALIA': [42, 0], 'TANGO': [43, 0], 'ICARE': [44, 0], 'ENZO': [45, 0], 'FGHFG': [46, 0]}
2025-12-13 19:32:45,050 - Lena - Ecuria - INFO - Remplissage de la liste des heures
2025-12-13 19:32:51,472 - Lena - Ecuria - INFO - Touche Entrée pressée
2025-12-13 19:32:51,472 - Lena - Ecuria - DEBUG - Focus actuel : .!entry
2025-12-13 19:32:51,472 - Lena - Ecuria - INFO - Ajout d'un rattrapage pour l'élève kyllian à l'heure 10H LENA
2025-12-13 19:32:51,473 - Lena - Ecuria - INFO - Ajout des élèves pour l'heure 10H LENA
2025-12-13 19:32:51,473 - Lena - Ecuria - INFO - Vidage de la listebox
2025-12-13 19:32:51,473 - Lena - Ecuria - INFO - Insertion de l'élève ['RAPHAELLE', -1] dans la listebox
2025-12-13 19:32:51,474 - Lena - Ecuria - INFO - Insertion de l'élève ['MAELLE', -1] dans la listebox
2025-12-13 19:32:51,475 - Lena - Ecuria - INFO - Insertion de l'élève ['MAEVA', -1] dans la listebox
2025-12-13 19:32:51,475 - Lena - Ecuria - INFO - Insertion de l'élève ['JULLIA', -1] dans la listebox
2025-12-13 19:32:51,476 - Lena - Ecuria - INFO - Insertion de l'élève ['HUGO', -1] dans la listebox
2025-12-13 19:32:51,476 - Lena - Ecuria - INFO - Insertion de l'élève ['JOHAN', -1] dans la listebox
2025-12-13 19:32:51,476 - Lena - Ecuria - INFO - Insertion de l'élève ['XCBNXC', 3] dans la listebox
2025-12-13 19:32:51,477 - Lena - Ecuria - INFO - Insertion de l'élève ['KYLLIAN', -2] dans la listebox
2025-12-13 19:32:52,787 - Lena - Ecuria - INFO - Sélection d'un élève : ('KYLLIAN', -2)
2025-12-13 19:32:52,788 - Lena - Ecuria - DEBUG - cellule.eleve KYLLIAN
2025-12-13 19:32:52,807 - Lena - Ecuria - INFO - Coloration des chevaux en fonction de leur disponibilité
2025-12-13 19:32:52,809 - Lena - Ecuria - INFO - Coloration des chevaux anciens en fonction de leur disponibilité
2025-12-13 19:32:52,809 - Lena - Ecuria - INFO - Coloration des chevaux en fonction des élèves présents à l'heure 10H LENA
2025-12-13 19:32:53,858 - Lena - Ecuria - INFO - Sélection d'un cheval : (0, 'TIC')
2025-12-13 19:32:53,860 - Lena - Ecuria - INFO - Insertion des heures de travail pour le cheval TIC
2025-12-13 19:32:53,861 - Lena - Ecuria - INFO - Vidage de la listebox
2025-12-13 19:32:55,549 - Lena - Ecuria - INFO - Ajout d'une cellule au planning pour le cheval TIC à l'heure 10H LENA
2025-12-13 19:32:55,550 - Lena - Ecuria - DEBUG - bg_color white
2025-12-13 19:32:55,550 - Lena - Ecuria - INFO - Diminution du nombre de sessions pour l'élève KYLLIAN à l'heure 10H LENA
2025-12-13 19:32:55,551 - Lena - Ecuria - INFO - Ajout des élèves pour l'heure 10H LENA
2025-12-13 19:32:55,552 - Lena - Ecuria - INFO - Vidage de la listebox
2025-12-13 19:32:55,553 - Lena - Ecuria - INFO - Insertion de l'élève ['RAPHAELLE', -1] dans la listebox
2025-12-13 19:32:55,554 - Lena - Ecuria - INFO - Insertion de l'élève ['MAELLE', -1] dans la listebox
2025-12-13 19:32:55,555 - Lena - Ecuria - INFO - Insertion de l'élève ['MAEVA', -1] dans la listebox
2025-12-13 19:32:55,556 - Lena - Ecuria - INFO - Insertion de l'élève ['JULLIA', -1] dans la listebox
2025-12-13 19:32:55,556 - Lena - Ecuria - INFO - Insertion de l'élève ['HUGO', -1] dans la listebox
2025-12-13 19:32:55,576 - Lena - Ecuria - INFO - Insertion de l'élève ['JOHAN', -1] dans la listebox
2025-12-13 19:32:55,577 - Lena - Ecuria - INFO - Insertion de l'élève ['XCBNXC', 3] dans la listebox
2025-12-13 19:32:55,578 - Lena - Ecuria - INFO - Insertion de l'élève ['KYLLIAN', -3] dans la listebox
2025-12-13 19:32:55,578 - Lena - Ecuria - INFO - Coloration de l'élève à l'index 7 en rouge
2025-12-13 19:32:55,580 - Lena - Ecuria - INFO - Ajout du cheval TIC à l'index (14,)
2025-12-13 19:32:55,678 - Lena - Ecuria - INFO - Affichage du planning pour le jour Mercredi
2025-12-13 19:32:55,680 - Lena - Ecuria - INFO - Coloration des chevaux en fonction des élèves présents à l'heure 10H LENA
2025-12-13 19:32:55,681 - Lena - Ecuria - INFO - Insertion des heures de travail pour le cheval TIC
2025-12-13 19:32:55,682 - Lena - Ecuria - INFO - Vidage de la listebox
2025-12-13 19:32:55,682 - Lena - Ecuria - INFO - Ajout à l'historique : ajout ('10H LENA', 'TIC', 'KYLLIAN')
2025-12-13 19:40:06,085 - Lena - Ecuria - INFO - Changement en mode paramètres
2025-12-13 19:40:06,086 - Lena - Ecuria - INFO - Affichage de l'interface des paramètres
2025-12-13 19:40:06,170 - Lena - Ecuria - INFO - Lecture des paramètres
2025-12-13 19:40:06,170 - Lena - Ecuria - INFO - Lecture du fichier cavalier pour le jour semaine
2025-12-13 19:40:06,171 - Lena - Ecuria - INFO - Lecture du fichier cavalier pour le jour mercredi
2025-12-13 19:40:06,172 - Lena - Ecuria - INFO - Lecture du fichier cavalier pour le jour samedi
2025-12-13 19:40:06,172 - Lena - Ecuria - INFO - Lecture du fichier de chevaux : parametre/liste_cheval_semaine.txt
2025-12-13 19:40:06,173 - Lena - Ecuria - INFO - Lecture du fichier de chevaux : parametre/liste_cheval.txt
2025-12-13 19:40:06,174 - Lena - Ecuria - DEBUG - dict_eleve {'Semaine': {'18H30 MARDI': [['TARA', 9]], '19H30 MARDI': [['KYKY', -1], ['TOM', 7]], '19H00 JEUDI': [], '20H00 JEUDI': [], '19H00 VENDREDI': [['TARA', -1]], '20H00 VENDREDI': [], '21H00 VENDREDI': []}, 'Mercredi': {'9H LENA': [['KYLLIAN', -1], ['TARA', 6]], '10H LENA': [['RAPHAELLE', -1], ['MAELLE', -1], ['MAEVA', -1], ['JULLIA', -1], ['HUGO', -1], ['JOHAN', -1], ['XCBNXC', 3]], '13H30 LENA': [['MIA', -1], ['NATHANAELLE', -1], ['ROSE', -1], ['ESTELLE', -1], ['LOU', -1], ['ILIADE', -1], ['LOUISE', -1]], '14H LENA': [['LOLA', -1], ['VICTOIRE', -1], ['LILA', -1], ['LEONIE', -1], ['JULIA', -1], ['NOA', -1], ['LAURA', -1], ['ELENA', -1]], '15H LENA': [['EMMY', -1], ['JOY', -1], ['LEA', -1], ['LOANE', -1], ['CELIA', -1], ['LYA', -1], ['ANNA ROSA', -1], ['MANON', -1]], '15H MANON': [['CHLOE', -1], ['AMBRE', -1], ['HANAE', -1], ['MAELIA', -1], ['JESSY', -1], ['CANDICE', -1], ['MARIE LOU', -1]], '16H LENA': [['LIHANNA', -1], ['ROMANE', -1], ['JULIETTE', -1], ['NINA T', -1], ['LOUNEA', -1], ['LAURA', -1], ['LOANE', -1], ['KIARA', -1], ['NINA S', -1]], '17H LENA': [['CHIARA', -1], ['SOFIA', -1], ['ANAIS', -1], ['ANNABELLE', -1], ['OCEANE', -1], ['TIMEO', -1], ['ZOE', -1], ['MARGARIDA', -1]], '17H MANON': [['EDEN', -1], ['LENA', -1], ['INAYA', -1], ['ANAIS', -1], ['NAHIA', -1], ['LUCIE', -1], ['ELEA', -1], ['CHIARA', -1], ['LISON', -1]], '18H LENA': [['LENA', -1], ['MANI TAO', -1], ['DIANE', -1], ['DOMITILLE', -1]], '18H MANON': [['ANNE SOPHIE', -1], ['GABY', -1], ['LOUANE', -1], ['LOLA', -1], ['STELLA', -1], ['CLEMENCE', -1], ['LEYA', -1], ['CAMILLE', -1], ['EMMY', -1]], '19H LENA': [['EMMA', -1], ['ERIC', -1], ['EMILIE B', -1], ['AMANDA', -1], ['AMANDINE', -1], ['EMILIE A', -1], ['JULIEN', -1], ['AMANDINE (Cï¿½LIA)', -1], ['COLINE', -1]]}, 'Samedi': {'9H30 L': [['MAILYS', -1], ['LILY', -1], ['JADE', -1], ['MARION', -1], ['CELIA FA', -1], ['CELIA SF', -1], ['CELIA FR', -1], ['KYLLIAN', 1]], '9H30 K': [], '10H30 L': [['LISA', -1], ['NOA', 4], ['LILA', -1], ['CLOE', -1], ['CLEMENT', -1], ['HELOISE', -1], ['LENA', -1], ['MAELINE', -1], ['MAHILYS', -1]], '10H30 K': [], '11H30 L': [['PIERRE', -1], ['GABIN', -1], ['VALENTINE', -1], ['PAUL', -1], ['QUENTIN', -1], ['CHLOE', -1], ['LOU', -1], ['MEYSSON', 2], ['JABAL', -1], ['ELLIE', -1]], '11H30 K': [], '12H00 L': [['ENZO', -1], ['OCEANE', -1], ['CLEMENCE', -1], ['SASHA', -1], ['ZACK', -1], ['CLARISSE', -1], ['MANON', -1], ['AMBRE', -1], ['LEELOU', -1]], '12H30 K': [], '13H00 K': [], '14H00 L': [['YANIS', -1], ['ANNA', -1], ['AELYS', -1], ['VALENTINE', -1], ['MAELYS', -1], ['MAELLE', -1], ['AMANDINE', -1], ['JULIEN', -1]], '14H00 K': [['LENA', -1]], '15H00 L': [['EMMA P', -1], ['LOUISE', -1], ['EMMA L', -1], ['ELINA', -1], ['LOANE', -1], ['GIULIA', -1], ['JULIE', -1], ['LEA', -1]], '16H00 K': [], '16H00 L': [['LANA', -1], ['LEXIE', -1], ['LEA', -1], ['MAEL', -1], ['MAYRA', -1], ['ANNA', -1]], '17H00 K': [], '17H00 L': [['ELISA', -1], ['ILONA', -1], ['MAEVA', -1], ['HANAE', -1], ['CHARLYNE', -1], ['CHARLINE', -1], ['THAIS', -1], ['ZELI', -1]], '18H00 K': []}}
2025-12-13 19:40:06,174 - Lena - Ecuria - DEBUG - dict_cheval {'Semaine': {'MANGO': [0, 0], 'SHAMIRA': [1, 0], 'RASTA': [2, 0], 'PEGASE': [3, 0], 'BALKIS': [4, 0], 'BALI': [5, 0], 'SINAI': [6, 0], 'CARA': [7, 0], 'SAMOURAI': [8, 0], 'FLICKA': [9, 0], 'ESPOIR': [10, 0], 'KID': [11, 0], 'DIESEL': [12, 0], 'SHEITAN': [13, 0], 'ETOILE': [14, 0], 'VASCO': [15, 0], 'DOMINO': [16, 0], 'BANZAI': [17, 0], 'ICHIBAI': [18, 0], 'ALTAI': [19, 0], 'JAZZY': [20, 0], 'CHOGUN': [21, 0], 'TANGO': [22, 0], 'HENDRICK': [23, 0], 'COTENTIN': [24, 0], 'ARKANSAS': [25, 0], 'EVER': [26, 0], 'TALIA': [27, 0], 'ULYSSE': [28, 0], 'TILA': [29, 0], 'WAR': [30, 0], 'ENZO': [31, 0], 'CANTO': [32, 0], 'GOLD': [33, 0], 'BABA': [34, 0], 'JAVA': [35, 0], 'PICKEUR': [36, 0], 'VALESCO': [37, 0], 'SACRA': [38, 0], 'BELLA': [39, 0], 'DENFER': [40, 0], 'FELINA': [41, 0], 'KABIL': [42, 0]}, 'Samedi': {'VIOLETTE': [0, 0], 'NEVA': [1, 0], 'BRIOSSO': [2, 0], 'SURPRISE': [3, 0], 'PEPITE': [4, 0], 'PANDA': [5, 0], 'PONPON': [6, 0], 'NUAGE': [7, 0], 'HOUSTON': [8, 1], 'REGLISSE': [9, 0], 'NAVARA': [10, 0], 'P. TONNERRE': [11, 0], 'GRISETTE': [12, 0], 'DANETTE': [13, 0], 'TIC': [14, 1], 'TAC': [15, 0], 'SEGOVIA': [16, 0], 'LITTLE': [17, 0], 'PAOLA': [18, 0], 'MANGO': [19, 0], 'SORBET': [20, 0], 'RASTA': [21, 0], 'PEGASE': [22, 0], 'BALKIS': [23, 0], 'BALI': [24, 0], 'CARA': [25, 0], 'SAMOURAI': [26, 0], 'FLICKA': [27, 0], 'BANZAI': [28, 0], 'KID': [29, 0], 'DIESEL': [30, 0], 'SHAMIRA': [31, 0], 'SINAI': [32, 0], 'ETOILE': [33, 0], 'VASCO': [34, 0], 'DOMINO': [35, 0], 'ESPOIR': [36, 0], 'JAZZY': [37, 0], 'ICHIBAI': [38, 0], 'CHOGUN': [39, 0], 'ALTAI': [40, 0], 'WAR': [41, 0], 'TALIA': [42, 0], 'TANGO': [43, 0], 'ICARE': [44, 0], 'ENZO': [45, 0], 'FGHFG': [46, 0]}, 'Mercredi': {'VIOLETTE': [0, 0], 'NEVA': [1, 0], 'BRIOSSO': [2, 0], 'SURPRISE': [3, 0], 'PEPITE': [4, 0], 'PANDA': [5, 0], 'PONPON': [6, 0], 'NUAGE': [7, 0], 'HOUSTON': [8, 1], 'REGLISSE': [9, 0], 'NAVARA': [10, 0], 'P. TONNERRE': [11, 0], 'GRISETTE': [12, 0], 'DANETTE': [13, 0], 'TIC': [14, 1], 'TAC': [15, 0], 'SEGOVIA': [16, 0], 'LITTLE': [17, 0], 'PAOLA': [18, 0], 'MANGO': [19, 0], 'SORBET': [20, 0], 'RASTA': [21, 0], 'PEGASE': [22, 0], 'BALKIS': [23, 0], 'BALI': [24, 0], 'CARA': [25, 0], 'SAMOURAI': [26, 0], 'FLICKA': [27, 0], 'BANZAI': [28, 0], 'KID': [29, 0], 'DIESEL': [30, 0], 'SHAMIRA': [31, 0], 'SINAI': [32, 0], 'ETOILE': [33, 0], 'VASCO': [34, 0], 'DOMINO': [35, 0], 'ESPOIR': [36, 0], 'JAZZY': [37, 0], 'ICHIBAI': [38, 0], 'CHOGUN': [39, 0], 'ALTAI': [40, 0], 'WAR': [41, 0], 'TALIA': [42, 0], 'TANGO': [43, 0], 'ICARE': [44, 0], 'ENZO': [45, 0], 'FGHFG': [46, 0]}}
2025-12-13 19:40:06,175 - Lena - Ecuria - INFO - Remplissage de la listebox des moniteurs
2025-12-15 12:52:02,508 - init - Ecuria - INFO - --------------------------------Démarrage du programme--------------------------------



2025-12-15 12:52:02,533 - init - Ecuria - INFO - Lecture des paramètres
2025-12-15 12:52:02,533 - init - Ecuria - INFO - Lecture du fichier cavalier pour le jour semaine
2025-12-15 12:52:02,533 - init - Ecuria - INFO - Lecture du fichier cavalier pour le jour mercredi
2025-12-15 12:52:02,534 - init - Ecuria - INFO - Lecture du fichier cavalier pour le jour samedi
2025-12-15 12:52:02,534 - init - Ecuria - INFO - Lecture du fichier de chevaux : parametre/liste_cheval_semaine.txt
2025-12-15 12:52:02,534 - init - Ecuria - INFO - Lecture du fichier de chevaux : parametre/liste_cheval.txt
2025-12-15 12:52:02,535 - init - Ecuria - DEBUG - dict_eleve {'Semaine': {'18H30 MARDI': [['TARA', 9]], '19H30 MARDI': [['KYKY', -1], ['TOM', 7]], '19H00 JEUDI': [], '20H00 JEUDI': [], '19H00 VENDREDI': [['TARA', -1]], '20H00 VENDREDI': [], '21H00 VENDREDI': []}, 'Mercredi': {'9H LENA': [['KYLLIAN', -1], ['TARA', 6]], '10H LENA': [['RAPHAELLE', -1], ['MAELLE', -1], ['MAEVA', -1], ['JULLIA', -1], ['HUGO', -1], ['JOHAN', -1], ['XCBNXC', 3]], '13H30 LENA': [['MIA', -1], ['NATHANAELLE', -1], ['ROSE', -1], ['ESTELLE', -1], ['LOU', -1], ['ILIADE', -1], ['LOUISE', -1]], '14H LENA': [['LOLA', -1], ['VICTOIRE', -1], ['LILA', -1], ['LEONIE', -1], ['JULIA', -1], ['NOA', -1], ['LAURA', -1], ['ELENA', -1]], '15H LENA': [['EMMY', -1], ['JOY', -1], ['LEA', -1], ['LOANE', -1], ['CELIA', -1], ['LYA', -1], ['ANNA ROSA', -1], ['MANON', -1]], '15H MANON': [['CHLOE', -1], ['AMBRE', -1], ['HANAE', -1], ['MAELIA', -1], ['JESSY', -1], ['CANDICE', -1], ['MARIE LOU', -1]], '16H LENA': [['LIHANNA', -1], ['ROMANE', -1], ['JULIETTE', -1], ['NINA T', -1], ['LOUNEA', -1], ['LAURA', -1], ['LOANE', -1], ['KIARA', -1], ['NINA S', -1]], '17H LENA': [['CHIARA', -1], ['SOFIA', -1], ['ANAIS', -1], ['ANNABELLE', -1], ['OCEANE', -1], ['TIMEO', -1], ['ZOE', -1], ['MARGARIDA', -1]], '17H MANON': [['EDEN', -1], ['LENA', -1], ['INAYA', -1], ['ANAIS', -1], ['NAHIA', -1], ['LUCIE', -1], ['ELEA', -1], ['CHIARA', -1], ['LISON', -1]], '18H LENA': [['LENA', -1], ['MANI TAO', -1], ['DIANE', -1], ['DOMITILLE', -1]], '18H MANON': [['ANNE SOPHIE', -1], ['GABY', -1], ['LOUANE', -1], ['LOLA', -1], ['STELLA', -1], ['CLEMENCE', -1], ['LEYA', -1], ['CAMILLE', -1], ['EMMY', -1]], '19H LENA': [['EMMA', -1], ['ERIC', -1], ['EMILIE B', -1], ['AMANDA', -1], ['AMANDINE', -1], ['EMILIE A', -1], ['JULIEN', -1], ['AMANDINE (Cï¿½LIA)', -1], ['COLINE', -1]]}, 'Samedi': {'9H30 L': [['MAILYS', -1], ['LILY', -1], ['JADE', -1], ['MARION', -1], ['CELIA FA', -1], ['CELIA SF', -1], ['CELIA FR', -1], ['KYLLIAN', 1]], '9H30 K': [], '10H30 L': [['LISA', -1], ['NOA', 4], ['LILA', -1], ['CLOE', -1], ['CLEMENT', -1], ['HELOISE', -1], ['LENA', -1], ['MAELINE', -1], ['MAHILYS', -1]], '10H30 K': [], '11H30 L': [['PIERRE', -1], ['GABIN', -1], ['VALENTINE', -1], ['PAUL', -1], ['QUENTIN', -1], ['CHLOE', -1], ['LOU', -1], ['MEYSSON', 2], ['JABAL', -1], ['ELLIE', -1]], '11H30 K': [], '12H00 L': [['ENZO', -1], ['OCEANE', -1], ['CLEMENCE', -1], ['SASHA', -1], ['ZACK', -1], ['CLARISSE', -1], ['MANON', -1], ['AMBRE', -1], ['LEELOU', -1]], '12H30 K': [], '13H00 K': [], '14H00 L': [['YANIS', -1], ['ANNA', -1], ['AELYS', -1], ['VALENTINE', -1], ['MAELYS', -1], ['MAELLE', -1], ['AMANDINE', -1], ['JULIEN', -1]], '14H00 K': [['LENA', -1]], '15H00 L': [['EMMA P', -1], ['LOUISE', -1], ['EMMA L', -1], ['ELINA', -1], ['LOANE', -1], ['GIULIA', -1], ['JULIE', -1], ['LEA', -1]], '16H00 K': [], '16H00 L': [['LANA', -1], ['LEXIE', -1], ['LEA', -1], ['MAEL', -1], ['MAYRA', -1], ['ANNA', -1]], '17H00 K': [], '17H00 L': [['ELISA', -1], ['ILONA', -1], ['MAEVA', -1], ['HANAE', -1], ['CHARLYNE', -1], ['CHARLINE', -1], ['THAIS', -1], ['ZELI', -1]], '18H00 K': []}}
2025-12-15 12:52:02,535 - init - Ecuria - DEBUG - dict_cheval {'Semaine': {'MANGO': [0, 0], 'SHAMIRA': [1, 0], 'RASTA': [2, 0], 'PEGASE': [3, 0], 'BALKIS': [4, 0], 'BALI': [5, 0], 'SINAI': [6, 0], 'CARA': [7, 0], 'SAMOURAI': [8, 0], 'FLICKA': [9, 0], 'ESPOIR': [10, 0], 'KID': [11, 0], 'DIESEL': [12, 0], 'SHEITAN': [13, 0], 'ETOILE': [14, 0], 'VASCO': [15, 0], 'DOMINO': [16, 0], 'BANZAI': [17, 0], 'ICHIBAI': [18, 0], 'ALTAI': [19, 0], 'JAZZY': [20, 0], 'CHOGUN': [21, 0], 'TANGO': [22, 0], 'HENDRICK': [23, 0], 'COTENTIN': [24, 0], 'ARKANSAS': [25, 0], 'EVER': [26, 0], 'TALIA': [27, 0], 'ULYSSE': [28, 0], 'TILA': [29, 0], 'WAR': [30, 0], 'ENZO': [31, 0], 'CANTO': [32, 0], 'GOLD': [33, 0], 'BABA': [34, 0], 'JAVA': [35, 0], 'PICKEUR': [36, 0], 'VALESCO': [37, 0], 'SACRA': [38, 0], 'BELLA': [39, 0], 'DENFER': [40, 0], 'FELINA': [41, 0], 'KABIL': [42, 0]}, 'Samedi': {'VIOLETTE': [0, 0], 'NEVA': [1, 0], 'BRIOSSO': [2, 0], 'SURPRISE': [3, 0], 'PEPITE': [4, 0], 'PANDA': [5, 0], 'PONPON': [6, 0], 'NUAGE': [7, 0], 'HOUSTON': [8, 0], 'REGLISSE': [9, 0], 'NAVARA': [10, 0], 'P. TONNERRE': [11, 0], 'GRISETTE': [12, 0], 'DANETTE': [13, 0], 'TIC': [14, 0], 'TAC': [15, 0], 'SEGOVIA': [16, 0], 'LITTLE': [17, 0], 'PAOLA': [18, 0], 'MANGO': [19, 0], 'SORBET': [20, 0], 'RASTA': [21, 0], 'PEGASE': [22, 0], 'BALKIS': [23, 0], 'BALI': [24, 0], 'CARA': [25, 0], 'SAMOURAI': [26, 0], 'FLICKA': [27, 0], 'BANZAI': [28, 0], 'KID': [29, 0], 'DIESEL': [30, 0], 'SHAMIRA': [31, 0], 'SINAI': [32, 0], 'ETOILE': [33, 0], 'VASCO': [34, 0], 'DOMINO': [35, 0], 'ESPOIR': [36, 0], 'JAZZY': [37, 0], 'ICHIBAI': [38, 0], 'CHOGUN': [39, 0], 'ALTAI': [40, 0], 'WAR': [41, 0], 'TALIA': [42, 0], 'TANGO': [43, 0], 'ICARE': [44, 0], 'ENZO': [45, 0], 'FGHFG': [46, 0]}, 'Mercredi': {'VIOLETTE': [0, 0], 'NEVA': [1, 0], 'BRIOSSO': [2, 0], 'SURPRISE': [3, 0], 'PEPITE': [4, 0], 'PANDA': [5, 0], 'PONPON': [6, 0], 'NUAGE': [7, 0], 'HOUSTON': [8, 0], 'REGLISSE': [9, 0], 'NAVARA': [10, 0], 'P. TONNERRE': [11, 0], 'GRISETTE': [12, 0], 'DANETTE': [13, 0], 'TIC': [14, 0], 'TAC': [15, 0], 'SEGOVIA': [16, 0], 'LITTLE': [17, 0], 'PAOLA': [18, 0], 'MANGO': [19, 0], 'SORBET': [20, 0], 'RASTA': [21, 0], 'PEGASE': [22, 0], 'BALKIS': [23, 0], 'BALI': [24, 0], 'CARA': [25, 0], 'SAMOURAI': [26, 0], 'FLICKA': [27, 0], 'BANZAI': [28, 0], 'KID': [29, 0], 'DIESEL': [30, 0], 'SHAMIRA': [31, 0], 'SINAI': [32, 0], 'ETOILE': [33, 0], 'VASCO': [34, 0], 'DOMINO': [35, 0], 'ESPOIR': [36, 0], 'JAZZY': [37, 0], 'ICHIBAI': [38, 0], 'CHOGUN': [39, 0], 'ALTAI': [40, 0], 'WAR': [41, 0], 'TALIA': [42, 0], 'TANGO': [43, 0], 'ICARE': [44, 0], 'ENZO': [45, 0], 'FGHFG': [46, 0]}}
2025-12-15 12:52:02,536 - init - Ecuria - INFO - Récupération de l'utilisateur courant depuis get_personne
2025-12-15 12:52:02,536 - Lena - Ecuria - INFO - user Lena
2025-12-15 12:52:02,536 - Lena - Ecuria - INFO - Récupération des adresses e-mail depuis get_mail
2025-12-15 12:52:02,536 - Lena - Ecuria - DEBUG - tableau ['aloykyllian31@gmail.com', 'delmaslena@gmail.com', 'delmasmanon@gmail.com']
2025-12-15 12:52:02,537 - Lena - Ecuria - DEBUG - moniteur ['admin', 'Lena', 'Manon']
2025-12-15 12:52:02,645 - Lena - Ecuria - DEBUG - taille de fenetre 1536 864
2025-12-15 12:52:02,645 - Lena - Ecuria - INFO - Définition de l'image de fond : image/image_fond.png
2025-12-15 12:52:02,703 - Lena - Ecuria - INFO - Ajout d'une image centrée : image/logo.png
2025-12-15 12:52:02,968 - Lena - Ecuria - INFO - Mise à jour de l'interface pour le jour : Mercredi
2025-12-15 12:52:02,968 - Lena - Ecuria - INFO - Remplissage de la listebox des chevaux
2025-12-15 12:52:02,969 - Lena - Ecuria - INFO - Insertion des heures dans la listebox
2025-12-15 12:52:02,970 - Lena - Ecuria - INFO - Visualisation du fichier cavalier
2025-12-15 12:52:03,004 - Lena - Ftp - INFO - Connexion au serveur FTP 86.249.193.54
2025-12-15 12:52:03,076 - Lena - Ftp - INFO - Déconnexion du serveur FTP
2025-12-15 12:52:03,077 - Lena - Maj - INFO - Fichiers disponibles sur le FTP : ['ecuria 1.81.zip', 'ecuria 1.82.zip', 'ecuria 1.85.zip', 'ecuria 1.8.zip', 'ecuria 1.84.zip', 'ecuria 1.83.zip', 'ecuria 1.7.zip']
2025-12-15 12:52:03,077 - Lena - Maj - INFO - Version la plus récente : 1.85
2025-12-15 12:52:03,077 - Lena - Maj - INFO - Nom du fichier correspondant : ecuria 1.85.zip
2025-12-15 12:52:07,653 - Lena - Ecuria - INFO - Changement en mode par défaut
2025-12-15 12:52:07,653 - Lena - Ecuria - INFO - Réinitialisation de l'interface par défaut
2025-12-15 12:52:07,655 - Lena - Ecuria - DEBUG - planning.liste_eleve {}
2025-12-15 12:52:07,655 - Lena - Ecuria - DEBUG - planning.cheval {}
2025-12-15 12:52:07,655 - Lena - Ecuria - INFO - Remplissage de la liste des heures
2025-12-15 12:52:47,470 - Lena - Ecuria - INFO - Changement en mode paramètres
2025-12-15 12:52:47,470 - Lena - Ecuria - INFO - Affichage de l'interface des paramètres
2025-12-15 12:52:47,493 - Lena - Ecuria - INFO - Lecture des paramètres
2025-12-15 12:52:47,494 - Lena - Ecuria - INFO - Lecture du fichier cavalier pour le jour semaine
2025-12-15 12:52:47,494 - Lena - Ecuria - INFO - Lecture du fichier cavalier pour le jour mercredi
2025-12-15 12:52:47,494 - Lena - Ecuria - INFO - Lecture du fichier cavalier pour le jour samedi
2025-12-15 12:52:47,494 - Lena - Ecuria - INFO - Lecture du fichier de chevaux : parametre/liste_cheval_semaine.txt
2025-12-15 12:52:47,495 - Lena - Ecuria - INFO - Lecture du fichier de chevaux : parametre/liste_cheval.txt
2025-12-15 12:52:47,495 - Lena - Ecuria - DEBUG - dict_eleve {'Semaine': {'18H30 MARDI': [['TARA', 9]], '19H30 MARDI': [['KYKY', -1], ['TOM', 7]], '19H00 JEUDI': [], '20H00 JEUDI': [], '19H00 VENDREDI': [['TARA', -1]], '20H00 VENDREDI': [], '21H00 VENDREDI': []}, 'Mercredi': {'9H LENA': [['KYLLIAN', -1], ['TARA', 6]], '10H LENA': [['RAPHAELLE', -1], ['MAELLE', -1], ['MAEVA', -1], ['JULLIA', -1], ['HUGO', -1], ['JOHAN', -1], ['XCBNXC', 3]], '13H30 LENA': [['MIA', -1], ['NATHANAELLE', -1], ['ROSE', -1], ['ESTELLE', -1], ['LOU', -1], ['ILIADE', -1], ['LOUISE', -1]], '14H LENA': [['LOLA', -1], ['VICTOIRE', -1], ['LILA', -1], ['LEONIE', -1], ['JULIA', -1], ['NOA', -1], ['LAURA', -1], ['ELENA', -1]], '15H LENA': [['EMMY', -1], ['JOY', -1], ['LEA', -1], ['LOANE', -1], ['CELIA', -1], ['LYA', -1], ['ANNA ROSA', -1], ['MANON', -1]], '15H MANON': [['CHLOE', -1], ['AMBRE', -1], ['HANAE', -1], ['MAELIA', -1], ['JESSY', -1], ['CANDICE', -1], ['MARIE LOU', -1]], '16H LENA': [['LIHANNA', -1], ['ROMANE', -1], ['JULIETTE', -1], ['NINA T', -1], ['LOUNEA', -1], ['LAURA', -1], ['LOANE', -1], ['KIARA', -1], ['NINA S', -1]], '17H LENA': [['CHIARA', -1], ['SOFIA', -1], ['ANAIS', -1], ['ANNABELLE', -1], ['OCEANE', -1], ['TIMEO', -1], ['ZOE', -1], ['MARGARIDA', -1]], '17H MANON': [['EDEN', -1], ['LENA', -1], ['INAYA', -1], ['ANAIS', -1], ['NAHIA', -1], ['LUCIE', -1], ['ELEA', -1], ['CHIARA', -1], ['LISON', -1]], '18H LENA': [['LENA', -1], ['MANI TAO', -1], ['DIANE', -1], ['DOMITILLE', -1]], '18H MANON': [['ANNE SOPHIE', -1], ['GABY', -1], ['LOUANE', -1], ['LOLA', -1], ['STELLA', -1], ['CLEMENCE', -1], ['LEYA', -1], ['CAMILLE', -1], ['EMMY', -1]], '19H LENA': [['EMMA', -1], ['ERIC', -1], ['EMILIE B', -1], ['AMANDA', -1], ['AMANDINE', -1], ['EMILIE A', -1], ['JULIEN', -1], ['AMANDINE (Cï¿½LIA)', -1], ['COLINE', -1]]}, 'Samedi': {'9H30 L': [['MAILYS', -1], ['LILY', -1], ['JADE', -1], ['MARION', -1], ['CELIA FA', -1], ['CELIA SF', -1], ['CELIA FR', -1], ['KYLLIAN', 1]], '9H30 K': [], '10H30 L': [['LISA', -1], ['NOA', 4], ['LILA', -1], ['CLOE', -1], ['CLEMENT', -1], ['HELOISE', -1], ['LENA', -1], ['MAELINE', -1], ['MAHILYS', -1]], '10H30 K': [], '11H30 L': [['PIERRE', -1], ['GABIN', -1], ['VALENTINE', -1], ['PAUL', -1], ['QUENTIN', -1], ['CHLOE', -1], ['LOU', -1], ['MEYSSON', 2], ['JABAL', -1], ['ELLIE', -1]], '11H30 K': [], '12H00 L': [['ENZO', -1], ['OCEANE', -1], ['CLEMENCE', -1], ['SASHA', -1], ['ZACK', -1], ['CLARISSE', -1], ['MANON', -1], ['AMBRE', -1], ['LEELOU', -1]], '12H30 K': [], '13H00 K': [], '14H00 L': [['YANIS', -1], ['ANNA', -1], ['AELYS', -1], ['VALENTINE', -1], ['MAELYS', -1], ['MAELLE', -1], ['AMANDINE', -1], ['JULIEN', -1]], '14H00 K': [['LENA', -1]], '15H00 L': [['EMMA P', -1], ['LOUISE', -1], ['EMMA L', -1], ['ELINA', -1], ['LOANE', -1], ['GIULIA', -1], ['JULIE', -1], ['LEA', -1]], '16H00 K': [], '16H00 L': [['LANA', -1], ['LEXIE', -1], ['LEA', -1], ['MAEL', -1], ['MAYRA', -1], ['ANNA', -1]], '17H00 K': [], '17H00 L': [['ELISA', -1], ['ILONA', -1], ['MAEVA', -1], ['HANAE', -1], ['CHARLYNE', -1], ['CHARLINE', -1], ['THAIS', -1], ['ZELI', -1]], '18H00 K': []}}
2025-12-15 12:52:47,495 - Lena - Ecuria - DEBUG - dict_cheval {'Semaine': {'MANGO': [0, 0], 'SHAMIRA': [1, 0], 'RASTA': [2, 0], 'PEGASE': [3, 0], 'BALKIS': [4, 0], 'BALI': [5, 0], 'SINAI': [6, 0], 'CARA': [7, 0], 'SAMOURAI': [8, 0], 'FLICKA': [9, 0], 'ESPOIR': [10, 0], 'KID': [11, 0], 'DIESEL': [12, 0], 'SHEITAN': [13, 0], 'ETOILE': [14, 0], 'VASCO': [15, 0], 'DOMINO': [16, 0], 'BANZAI': [17, 0], 'ICHIBAI': [18, 0], 'ALTAI': [19, 0], 'JAZZY': [20, 0], 'CHOGUN': [21, 0], 'TANGO': [22, 0], 'HENDRICK': [23, 0], 'COTENTIN': [24, 0], 'ARKANSAS': [25, 0], 'EVER': [26, 0], 'TALIA': [27, 0], 'ULYSSE': [28, 0], 'TILA': [29, 0], 'WAR': [30, 0], 'ENZO': [31, 0], 'CANTO': [32, 0], 'GOLD': [33, 0], 'BABA': [34, 0], 'JAVA': [35, 0], 'PICKEUR': [36, 0], 'VALESCO': [37, 0], 'SACRA': [38, 0], 'BELLA': [39, 0], 'DENFER': [40, 0], 'FELINA': [41, 0], 'KABIL': [42, 0]}, 'Samedi': {'VIOLETTE': [0, 0], 'NEVA': [1, 0], 'BRIOSSO': [2, 0], 'SURPRISE': [3, 0], 'PEPITE': [4, 0], 'PANDA': [5, 0], 'PONPON': [6, 0], 'NUAGE': [7, 0], 'HOUSTON': [8, 0], 'REGLISSE': [9, 0], 'NAVARA': [10, 0], 'P. TONNERRE': [11, 0], 'GRISETTE': [12, 0], 'DANETTE': [13, 0], 'TIC': [14, 0], 'TAC': [15, 0], 'SEGOVIA': [16, 0], 'LITTLE': [17, 0], 'PAOLA': [18, 0], 'MANGO': [19, 0], 'SORBET': [20, 0], 'RASTA': [21, 0], 'PEGASE': [22, 0], 'BALKIS': [23, 0], 'BALI': [24, 0], 'CARA': [25, 0], 'SAMOURAI': [26, 0], 'FLICKA': [27, 0], 'BANZAI': [28, 0], 'KID': [29, 0], 'DIESEL': [30, 0], 'SHAMIRA': [31, 0], 'SINAI': [32, 0], 'ETOILE': [33, 0], 'VASCO': [34, 0], 'DOMINO': [35, 0], 'ESPOIR': [36, 0], 'JAZZY': [37, 0], 'ICHIBAI': [38, 0], 'CHOGUN': [39, 0], 'ALTAI': [40, 0], 'WAR': [41, 0], 'TALIA': [42, 0], 'TANGO': [43, 0], 'ICARE': [44, 0], 'ENZO': [45, 0], 'FGHFG': [46, 0]}, 'Mercredi': {'VIOLETTE': [0, 0], 'NEVA': [1, 0], 'BRIOSSO': [2, 0], 'SURPRISE': [3, 0], 'PEPITE': [4, 0], 'PANDA': [5, 0], 'PONPON': [6, 0], 'NUAGE': [7, 0], 'HOUSTON': [8, 0], 'REGLISSE': [9, 0], 'NAVARA': [10, 0], 'P. TONNERRE': [11, 0], 'GRISETTE': [12, 0], 'DANETTE': [13, 0], 'TIC': [14, 0], 'TAC': [15, 0], 'SEGOVIA': [16, 0], 'LITTLE': [17, 0], 'PAOLA': [18, 0], 'MANGO': [19, 0], 'SORBET': [20, 0], 'RASTA': [21, 0], 'PEGASE': [22, 0], 'BALKIS': [23, 0], 'BALI': [24, 0], 'CARA': [25, 0], 'SAMOURAI': [26, 0], 'FLICKA': [27, 0], 'BANZAI': [28, 0], 'KID': [29, 0], 'DIESEL': [30, 0], 'SHAMIRA': [31, 0], 'SINAI': [32, 0], 'ETOILE': [33, 0], 'VASCO': [34, 0], 'DOMINO': [35, 0], 'ESPOIR': [36, 0], 'JAZZY': [37, 0], 'ICHIBAI': [38, 0], 'CHOGUN': [39, 0], 'ALTAI': [40, 0], 'WAR': [41, 0], 'TALIA': [42, 0], 'TANGO': [43, 0], 'ICARE': [44, 0], 'ENZO': [45, 0], 'FGHFG': [46, 0]}}
2025-12-15 12:52:47,495 - Lena - Ecuria - INFO - Remplissage de la listebox des moniteurs
2025-12-15 14:08:41,100 - Lena - Ecuria - INFO - Fin du programme : 0 warning(s), 0 erreur(s).
2025-12-15 18:00:37,237 - init - Ecuria - INFO - --------------------------------Démarrage du programme--------------------------------



2025-12-15 18:00:37,238 - init - Ecuria - INFO - Lecture des paramètres
2025-12-15 18:00:37,238 - init - Ecuria - INFO - Lecture du fichier cavalier pour le jour semaine
2025-12-15 18:00:37,251 - init - Ecuria - INFO - Lecture du fichier cavalier pour le jour mercredi
2025-12-15 18:00:37,267 - init - Ecuria - INFO - Lecture du fichier cavalier pour le jour samedi
2025-12-15 18:00:37,279 - init - Ecuria - INFO - Lecture du fichier de chevaux : parametre/liste_cheval_semaine.txt
2025-12-15 18:00:37,290 - init - Ecuria - INFO - Lecture du fichier de chevaux : parametre/liste_cheval.txt
2025-12-15 18:00:37,298 - init - Ecuria - DEBUG - dict_eleve {'Semaine': {'18H30 MARDI': [['TARA', 9]], '19H30 MARDI': [['KYKY', -1], ['TOM', 7]], '19H00 JEUDI': [], '20H00 JEUDI': [], '19H00 VENDREDI': [['TARA', -1]], '20H00 VENDREDI': [], '21H00 VENDREDI': []}, 'Mercredi': {'9H LENA': [['KYLLIAN', -1], ['TARA', 6]], '10H LENA': [['RAPHAELLE', -1], ['MAELLE', -1], ['MAEVA', -1], ['JULLIA', -1], ['HUGO', -1], ['JOHAN', -1], ['XCBNXC', 3]], '13H30 LENA': [['MIA', -1], ['NATHANAELLE', -1], ['ROSE', -1], ['ESTELLE', -1], ['LOU', -1], ['ILIADE', -1], ['LOUISE', -1]], '14H LENA': [['LOLA', -1], ['VICTOIRE', -1], ['LILA', -1], ['LEONIE', -1], ['JULIA', -1], ['NOA', -1], ['LAURA', -1], ['ELENA', -1]], '15H LENA': [['EMMY', -1], ['JOY', -1], ['LEA', -1], ['LOANE', -1], ['CELIA', -1], ['LYA', -1], ['ANNA ROSA', -1], ['MANON', -1]], '15H MANON': [['CHLOE', -1], ['AMBRE', -1], ['HANAE', -1], ['MAELIA', -1], ['JESSY', -1], ['CANDICE', -1], ['MARIE LOU', -1]], '16H LENA': [['LIHANNA', -1], ['ROMANE', -1], ['JULIETTE', -1], ['NINA T', -1], ['LOUNEA', -1], ['LAURA', -1], ['LOANE', -1], ['KIARA', -1], ['NINA S', -1]], '17H LENA': [['CHIARA', -1], ['SOFIA', -1], ['ANAIS', -1], ['ANNABELLE', -1], ['OCEANE', -1], ['TIMEO', -1], ['ZOE', -1], ['MARGARIDA', -1]], '17H MANON': [['EDEN', -1], ['LENA', -1], ['INAYA', -1], ['ANAIS', -1], ['NAHIA', -1], ['LUCIE', -1], ['ELEA', -1], ['CHIARA', -1], ['LISON', -1]], '18H LENA': [['LENA', -1], ['MANI TAO', -1], ['DIANE', -1], ['DOMITILLE', -1]], '18H MANON': [['ANNE SOPHIE', -1], ['GABY', -1], ['LOUANE', -1], ['LOLA', -1], ['STELLA', -1], ['CLEMENCE', -1], ['LEYA', -1], ['CAMILLE', -1], ['EMMY', -1]], '19H LENA': [['EMMA', -1], ['ERIC', -1], ['EMILIE B', -1], ['AMANDA', -1], ['AMANDINE', -1], ['EMILIE A', -1], ['JULIEN', -1], ['AMANDINE (Cï¿½LIA)', -1], ['COLINE', -1]]}, 'Samedi': {'9H30 L': [['MAILYS', -1], ['LILY', -1], ['JADE', -1], ['MARION', -1], ['CELIA FA', -1], ['CELIA SF', -1], ['CELIA FR', -1], ['KYLLIAN', 1]], '9H30 K': [], '10H30 L': [['LISA', -1], ['NOA', 4], ['LILA', -1], ['CLOE', -1], ['CLEMENT', -1], ['HELOISE', -1], ['LENA', -1], ['MAELINE', -1], ['MAHILYS', -1]], '10H30 K': [], '11H30 L': [['PIERRE', -1], ['GABIN', -1], ['VALENTINE', -1], ['PAUL', -1], ['QUENTIN', -1], ['CHLOE', -1], ['LOU', -1], ['MEYSSON', 2], ['JABAL', -1], ['ELLIE', -1]], '11H30 K': [], '12H00 L': [['ENZO', -1], ['OCEANE', -1], ['CLEMENCE', -1], ['SASHA', -1], ['ZACK', -1], ['CLARISSE', -1], ['MANON', -1], ['AMBRE', -1], ['LEELOU', -1]], '12H30 K': [], '13H00 K': [], '14H00 L': [['YANIS', -1], ['ANNA', -1], ['AELYS', -1], ['VALENTINE', -1], ['MAELYS', -1], ['MAELLE', -1], ['AMANDINE', -1], ['JULIEN', -1]], '14H00 K': [['LENA', -1]], '15H00 L': [['EMMA P', -1], ['LOUISE', -1], ['EMMA L', -1], ['ELINA', -1], ['LOANE', -1], ['GIULIA', -1], ['JULIE', -1], ['LEA', -1]], '16H00 K': [], '16H00 L': [['LANA', -1], ['LEXIE', -1], ['LEA', -1], ['MAEL', -1], ['MAYRA', -1], ['ANNA', -1]], '17H00 K': [], '17H00 L': [['ELISA', -1], ['ILONA', -1], ['MAEVA', -1], ['HANAE', -1], ['CHARLYNE', -1], ['CHARLINE', -1], ['THAIS', -1], ['ZELI', -1]], '18H00 K': []}}
2025-12-15 18:00:37,299 - init - Ecuria - DEBUG - dict_cheval {'Semaine': {'MANGO': [0, 0], 'SHAMIRA': [1, 0], 'RASTA': [2, 0], 'PEGASE': [3, 0], 'BALKIS': [4, 0], 'BALI': [5, 0], 'SINAI': [6, 0], 'CARA': [7, 0], 'SAMOURAI': [8, 0], 'FLICKA': [9, 0], 'ESPOIR': [10, 0], 'KID': [11, 0], 'DIESEL': [12, 0], 'SHEITAN': [13, 0], 'ETOILE': [14, 0], 'VASCO': [15, 0], 'DOMINO': [16, 0], 'BANZAI': [17, 0], 'ICHIBAI': [18, 0], 'ALTAI': [19, 0], 'JAZZY': [20, 0], 'CHOGUN': [21, 0], 'TANGO': [22, 0], 'HENDRICK': [23, 0], 'COTENTIN': [24, 0], 'ARKANSAS': [25, 0], 'EVER': [26, 0], 'TALIA': [27, 0], 'ULYSSE': [28, 0], 'TILA': [29, 0], 'WAR': [30, 0], 'ENZO': [31, 0], 'CANTO': [32, 0], 'GOLD': [33, 0], 'BABA': [34, 0], 'JAVA': [35, 0], 'PICKEUR': [36, 0], 'VALESCO': [37, 0], 'SACRA': [38, 0], 'BELLA': [39, 0], 'DENFER': [40, 0], 'FELINA': [41, 0], 'KABIL': [42, 0]}, 'Samedi': {'VIOLETTE': [0, 0], 'NEVA': [1, 0], 'BRIOSSO': [2, 0], 'SURPRISE': [3, 0], 'PEPITE': [4, 0], 'PANDA': [5, 0], 'PONPON': [6, 0], 'NUAGE': [7, 0], 'HOUSTON': [8, 0], 'REGLISSE': [9, 0], 'NAVARA': [10, 0], 'P. TONNERRE': [11, 0], 'GRISETTE': [12, 0], 'DANETTE': [13, 0], 'TIC': [14, 0], 'TAC': [15, 0], 'SEGOVIA': [16, 0], 'LITTLE': [17, 0], 'PAOLA': [18, 0], 'MANGO': [19, 0], 'SORBET': [20, 0], 'RASTA': [21, 0], 'PEGASE': [22, 0], 'BALKIS': [23, 0], 'BALI': [24, 0], 'CARA': [25, 0], 'SAMOURAI': [26, 0], 'FLICKA': [27, 0], 'BANZAI': [28, 0], 'KID': [29, 0], 'DIESEL': [30, 0], 'SHAMIRA': [31, 0], 'SINAI': [32, 0], 'ETOILE': [33, 0], 'VASCO': [34, 0], 'DOMINO': [35, 0], 'ESPOIR': [36, 0], 'JAZZY': [37, 0], 'ICHIBAI': [38, 0], 'CHOGUN': [39, 0], 'ALTAI': [40, 0], 'WAR': [41, 0], 'TALIA': [42, 0], 'TANGO': [43, 0], 'ICARE': [44, 0], 'ENZO': [45, 0], 'FGHFG': [46, 0]}, 'Mercredi': {'VIOLETTE': [0, 0], 'NEVA': [1, 0], 'BRIOSSO': [2, 0], 'SURPRISE': [3, 0], 'PEPITE': [4, 0], 'PANDA': [5, 0], 'PONPON': [6, 0], 'NUAGE': [7, 0], 'HOUSTON': [8, 0], 'REGLISSE': [9, 0], 'NAVARA': [10, 0], 'P. TONNERRE': [11, 0], 'GRISETTE': [12, 0], 'DANETTE': [13, 0], 'TIC': [14, 0], 'TAC': [15, 0], 'SEGOVIA': [16, 0], 'LITTLE': [17, 0], 'PAOLA': [18, 0], 'MANGO': [19, 0], 'SORBET': [20, 0], 'RASTA': [21, 0], 'PEGASE': [22, 0], 'BALKIS': [23, 0], 'BALI': [24, 0], 'CARA': [25, 0], 'SAMOURAI': [26, 0], 'FLICKA': [27, 0], 'BANZAI': [28, 0], 'KID': [29, 0], 'DIESEL': [30, 0], 'SHAMIRA': [31, 0], 'SINAI': [32, 0], 'ETOILE': [33, 0], 'VASCO': [34, 0], 'DOMINO': [35, 0], 'ESPOIR': [36, 0], 'JAZZY': [37, 0], 'ICHIBAI': [38, 0], 'CHOGUN': [39, 0], 'ALTAI': [40, 0], 'WAR': [41, 0], 'TALIA': [42, 0], 'TANGO': [43, 0], 'ICARE': [44, 0], 'ENZO': [45, 0], 'FGHFG': [46, 0]}}
2025-12-15 18:00:37,299 - init - Ecuria - INFO - Récupération de l'utilisateur courant depuis get_personne
2025-12-15 18:00:37,300 - Lena - Ecuria - INFO - user Lena
2025-12-15 18:00:37,300 - Lena - Ecuria - INFO - Récupération des adresses e-mail depuis get_mail
2025-12-15 18:00:37,312 - Lena - Ecuria - DEBUG - tableau ['aloykyllian31@gmail.com', 'delmaslena@gmail.com', 'delmasmanon@gmail.com']
2025-12-15 18:00:37,312 - Lena - Ecuria - DEBUG - moniteur ['admin', 'Lena', 'Manon']
2025-12-15 18:00:38,138 - Lena - Ecuria - DEBUG - taille de fenetre 1536 864
2025-12-15 18:00:38,139 - Lena - Ecuria - INFO - Définition de l'image de fond : image/image_fond.png
2025-12-15 18:00:38,300 - Lena - Ecuria - INFO - Ajout d'une image centrée : image/logo.png
2025-12-15 18:00:38,721 - Lena - Ecuria - INFO - Mise à jour de l'interface pour le jour : Mercredi
2025-12-15 18:00:38,721 - Lena - Ecuria - INFO - Remplissage de la listebox des chevaux
2025-12-15 18:00:38,723 - Lena - Ecuria - INFO - Insertion des heures dans la listebox
2025-12-15 18:00:38,723 - Lena - Ecuria - INFO - Visualisation du fichier cavalier
2025-12-15 18:00:38,797 - Lena - Ftp - INFO - Connexion au serveur FTP 86.249.193.54
2025-12-15 18:00:38,824 - Lena - Ftp - INFO - Déconnexion du serveur FTP
2025-12-15 18:00:38,824 - Lena - Maj - INFO - Fichiers disponibles sur le FTP : ['ecuria 1.81.zip', 'ecuria 1.82.zip', 'ecuria 1.85.zip', 'ecuria 1.8.zip', 'ecuria 1.84.zip', 'ecuria 1.83.zip', 'ecuria 1.7.zip']
2025-12-15 18:00:38,824 - Lena - Maj - INFO - Version la plus récente : 1.85
2025-12-15 18:00:38,824 - Lena - Maj - INFO - Nom du fichier correspondant : ecuria 1.85.zip
2025-12-15 18:01:34,621 - Lena - Ecuria - INFO - Récupération des données depuis un fichier Excel
2025-12-15 18:01:34,621 - Lena - Ecuria - INFO - Réinitialisation de l'interface par défaut
2025-12-15 18:01:34,623 - Lena - Ecuria - DEBUG - planning.liste_eleve {}
2025-12-15 18:01:34,623 - Lena - Ecuria - DEBUG - planning.cheval {}
2025-12-15 18:01:34,624 - Lena - Ecuria - INFO - Remplissage de la liste des heures
2025-12-15 18:01:38,630 - Lena - Ecuria - DEBUG - name 
2025-12-15 18:01:43,582 - Lena - Ecuria - WARNING - Le fichier  n'est pas un fichier de planning.
2025-12-15 18:01:44,636 - Lena - Ecuria - INFO - Définition de l'heure suivante pour la cellule
2025-12-15 18:01:45,098 - Lena - Ecuria - INFO - Définition de l'heure suivante pour la cellule
2025-12-15 18:01:47,691 - Lena - Ecuria - INFO - Changement en mode paramètres
2025-12-15 18:01:47,691 - Lena - Ecuria - INFO - Affichage de l'interface des paramètres
2025-12-15 18:01:47,724 - Lena - Ecuria - INFO - Lecture des paramètres
2025-12-15 18:01:47,724 - Lena - Ecuria - INFO - Lecture du fichier cavalier pour le jour semaine
2025-12-15 18:01:47,725 - Lena - Ecuria - INFO - Lecture du fichier cavalier pour le jour mercredi
2025-12-15 18:01:47,725 - Lena - Ecuria - INFO - Lecture du fichier cavalier pour le jour samedi
2025-12-15 18:01:47,726 - Lena - Ecuria - INFO - Lecture du fichier de chevaux : parametre/liste_cheval_semaine.txt
2025-12-15 18:01:47,726 - Lena - Ecuria - INFO - Lecture du fichier de chevaux : parametre/liste_cheval.txt
2025-12-15 18:01:47,726 - Lena - Ecuria - DEBUG - dict_eleve {'Semaine': {'18H30 MARDI': [['TARA', 9]], '19H30 MARDI': [['KYKY', -1], ['TOM', 7]], '19H00 JEUDI': [], '20H00 JEUDI': [], '19H00 VENDREDI': [['TARA', -1]], '20H00 VENDREDI': [], '21H00 VENDREDI': []}, 'Mercredi': {'9H LENA': [['KYLLIAN', -1], ['TARA', 6]], '10H LENA': [['RAPHAELLE', -1], ['MAELLE', -1], ['MAEVA', -1], ['JULLIA', -1], ['HUGO', -1], ['JOHAN', -1], ['XCBNXC', 3]], '13H30 LENA': [['MIA', -1], ['NATHANAELLE', -1], ['ROSE', -1], ['ESTELLE', -1], ['LOU', -1], ['ILIADE', -1], ['LOUISE', -1]], '14H LENA': [['LOLA', -1], ['VICTOIRE', -1], ['LILA', -1], ['LEONIE', -1], ['JULIA', -1], ['NOA', -1], ['LAURA', -1], ['ELENA', -1]], '15H LENA': [['EMMY', -1], ['JOY', -1], ['LEA', -1], ['LOANE', -1], ['CELIA', -1], ['LYA', -1], ['ANNA ROSA', -1], ['MANON', -1]], '15H MANON': [['CHLOE', -1], ['AMBRE', -1], ['HANAE', -1], ['MAELIA', -1], ['JESSY', -1], ['CANDICE', -1], ['MARIE LOU', -1]], '16H LENA': [['LIHANNA', -1], ['ROMANE', -1], ['JULIETTE', -1], ['NINA T', -1], ['LOUNEA', -1], ['LAURA', -1], ['LOANE', -1], ['KIARA', -1], ['NINA S', -1]], '17H LENA': [['CHIARA', -1], ['SOFIA', -1], ['ANAIS', -1], ['ANNABELLE', -1], ['OCEANE', -1], ['TIMEO', -1], ['ZOE', -1], ['MARGARIDA', -1]], '17H MANON': [['EDEN', -1], ['LENA', -1], ['INAYA', -1], ['ANAIS', -1], ['NAHIA', -1], ['LUCIE', -1], ['ELEA', -1], ['CHIARA', -1], ['LISON', -1]], '18H LENA': [['LENA', -1], ['MANI TAO', -1], ['DIANE', -1], ['DOMITILLE', -1]], '18H MANON': [['ANNE SOPHIE', -1], ['GABY', -1], ['LOUANE', -1], ['LOLA', -1], ['STELLA', -1], ['CLEMENCE', -1], ['LEYA', -1], ['CAMILLE', -1], ['EMMY', -1]], '19H LENA': [['EMMA', -1], ['ERIC', -1], ['EMILIE B', -1], ['AMANDA', -1], ['AMANDINE', -1], ['EMILIE A', -1], ['JULIEN', -1], ['AMANDINE (Cï¿½LIA)', -1], ['COLINE', -1]]}, 'Samedi': {'9H30 L': [['MAILYS', -1], ['LILY', -1], ['JADE', -1], ['MARION', -1], ['CELIA FA', -1], ['CELIA SF', -1], ['CELIA FR', -1], ['KYLLIAN', 1]], '9H30 K': [], '10H30 L': [['LISA', -1], ['NOA', 4], ['LILA', -1], ['CLOE', -1], ['CLEMENT', -1], ['HELOISE', -1], ['LENA', -1], ['MAELINE', -1], ['MAHILYS', -1]], '10H30 K': [], '11H30 L': [['PIERRE', -1], ['GABIN', -1], ['VALENTINE', -1], ['PAUL', -1], ['QUENTIN', -1], ['CHLOE', -1], ['LOU', -1], ['MEYSSON', 2], ['JABAL', -1], ['ELLIE', -1]], '11H30 K': [], '12H00 L': [['ENZO', -1], ['OCEANE', -1], ['CLEMENCE', -1], ['SASHA', -1], ['ZACK', -1], ['CLARISSE', -1], ['MANON', -1], ['AMBRE', -1], ['LEELOU', -1]], '12H30 K': [], '13H00 K': [], '14H00 L': [['YANIS', -1], ['ANNA', -1], ['AELYS', -1], ['VALENTINE', -1], ['MAELYS', -1], ['MAELLE', -1], ['AMANDINE', -1], ['JULIEN', -1]], '14H00 K': [['LENA', -1]], '15H00 L': [['EMMA P', -1], ['LOUISE', -1], ['EMMA L', -1], ['ELINA', -1], ['LOANE', -1], ['GIULIA', -1], ['JULIE', -1], ['LEA', -1]], '16H00 K': [], '16H00 L': [['LANA', -1], ['LEXIE', -1], ['LEA', -1], ['MAEL', -1], ['MAYRA', -1], ['ANNA', -1]], '17H00 K': [], '17H00 L': [['ELISA', -1], ['ILONA', -1], ['MAEVA', -1], ['HANAE', -1], ['CHARLYNE', -1], ['CHARLINE', -1], ['THAIS', -1], ['ZELI', -1]], '18H00 K': []}}
2025-12-15 18:01:47,727 - Lena - Ecuria - DEBUG - dict_cheval {'Semaine': {'MANGO': [0, 0], 'SHAMIRA': [1, 0], 'RASTA': [2, 0], 'PEGASE': [3, 0], 'BALKIS': [4, 0], 'BALI': [5, 0], 'SINAI': [6, 0], 'CARA': [7, 0], 'SAMOURAI': [8, 0], 'FLICKA': [9, 0], 'ESPOIR': [10, 0], 'KID': [11, 0], 'DIESEL': [12, 0], 'SHEITAN': [13, 0], 'ETOILE': [14, 0], 'VASCO': [15, 0], 'DOMINO': [16, 0], 'BANZAI': [17, 0], 'ICHIBAI': [18, 0], 'ALTAI': [19, 0], 'JAZZY': [20, 0], 'CHOGUN': [21, 0], 'TANGO': [22, 0], 'HENDRICK': [23, 0], 'COTENTIN': [24, 0], 'ARKANSAS': [25, 0], 'EVER': [26, 0], 'TALIA': [27, 0], 'ULYSSE': [28, 0], 'TILA': [29, 0], 'WAR': [30, 0], 'ENZO': [31, 0], 'CANTO': [32, 0], 'GOLD': [33, 0], 'BABA': [34, 0], 'JAVA': [35, 0], 'PICKEUR': [36, 0], 'VALESCO': [37, 0], 'SACRA': [38, 0], 'BELLA': [39, 0], 'DENFER': [40, 0], 'FELINA': [41, 0], 'KABIL': [42, 0]}, 'Samedi': {'VIOLETTE': [0, 0], 'NEVA': [1, 0], 'BRIOSSO': [2, 0], 'SURPRISE': [3, 0], 'PEPITE': [4, 0], 'PANDA': [5, 0], 'PONPON': [6, 0], 'NUAGE': [7, 0], 'HOUSTON': [8, 0], 'REGLISSE': [9, 0], 'NAVARA': [10, 0], 'P. TONNERRE': [11, 0], 'GRISETTE': [12, 0], 'DANETTE': [13, 0], 'TIC': [14, 0], 'TAC': [15, 0], 'SEGOVIA': [16, 0], 'LITTLE': [17, 0], 'PAOLA': [18, 0], 'MANGO': [19, 0], 'SORBET': [20, 0], 'RASTA': [21, 0], 'PEGASE': [22, 0], 'BALKIS': [23, 0], 'BALI': [24, 0], 'CARA': [25, 0], 'SAMOURAI': [26, 0], 'FLICKA': [27, 0], 'BANZAI': [28, 0], 'KID': [29, 0], 'DIESEL': [30, 0], 'SHAMIRA': [31, 0], 'SINAI': [32, 0], 'ETOILE': [33, 0], 'VASCO': [34, 0], 'DOMINO': [35, 0], 'ESPOIR': [36, 0], 'JAZZY': [37, 0], 'ICHIBAI': [38, 0], 'CHOGUN': [39, 0], 'ALTAI': [40, 0], 'WAR': [41, 0], 'TALIA': [42, 0], 'TANGO': [43, 0], 'ICARE': [44, 0], 'ENZO': [45, 0], 'FGHFG': [46, 0]}, 'Mercredi': {'VIOLETTE': [0, 0], 'NEVA': [1, 0], 'BRIOSSO': [2, 0], 'SURPRISE': [3, 0], 'PEPITE': [4, 0], 'PANDA': [5, 0], 'PONPON': [6, 0], 'NUAGE': [7, 0], 'HOUSTON': [8, 0], 'REGLISSE': [9, 0], 'NAVARA': [10, 0], 'P. TONNERRE': [11, 0], 'GRISETTE': [12, 0], 'DANETTE': [13, 0], 'TIC': [14, 0], 'TAC': [15, 0], 'SEGOVIA': [16, 0], 'LITTLE': [17, 0], 'PAOLA': [18, 0], 'MANGO': [19, 0], 'SORBET': [20, 0], 'RASTA': [21, 0], 'PEGASE': [22, 0], 'BALKIS': [23, 0], 'BALI': [24, 0], 'CARA': [25, 0], 'SAMOURAI': [26, 0], 'FLICKA': [27, 0], 'BANZAI': [28, 0], 'KID': [29, 0], 'DIESEL': [30, 0], 'SHAMIRA': [31, 0], 'SINAI': [32, 0], 'ETOILE': [33, 0], 'VASCO': [34, 0], 'DOMINO': [35, 0], 'ESPOIR': [36, 0], 'JAZZY': [37, 0], 'ICHIBAI': [38, 0], 'CHOGUN': [39, 0], 'ALTAI': [40, 0], 'WAR': [41, 0], 'TALIA': [42, 0], 'TANGO': [43, 0], 'ICARE': [44, 0], 'ENZO': [45, 0], 'FGHFG': [46, 0]}}
2025-12-15 18:01:47,727 - Lena - Ecuria - INFO - Remplissage de la listebox des moniteurs
2025-12-15 18:01:49,172 - Lena - Ecuria - INFO - Sélection d'une heure : 9H LENA
2025-12-15 18:01:49,172 - Lena - Ecuria - INFO - Remplissage de la listebox des élèves
2025-12-15 18:01:49,636 - Lena - Ecuria - INFO - Sélection d'une heure : 10H LENA
2025-12-15 18:01:49,636 - Lena - Ecuria - INFO - Remplissage de la listebox des élèves
2025-12-15 18:01:50,234 - Lena - Ecuria - INFO - Sélection d'une heure : 13H30 LENA
2025-12-15 18:01:50,234 - Lena - Ecuria - INFO - Remplissage de la listebox des élèves
2025-12-15 18:01:50,786 - Lena - Ecuria - INFO - Sélection d'une heure : 14H LENA
2025-12-15 18:01:50,786 - Lena - Ecuria - INFO - Remplissage de la listebox des élèves
2025-12-15 18:01:51,237 - Lena - Ecuria - INFO - Sélection d'une heure : 15H LENA
2025-12-15 18:01:51,238 - Lena - Ecuria - INFO - Remplissage de la listebox des élèves
2025-12-15 18:01:51,612 - Lena - Ecuria - INFO - Sélection d'une heure : 15H MANON
2025-12-15 18:01:51,612 - Lena - Ecuria - INFO - Remplissage de la listebox des élèves
2025-12-15 18:01:51,999 - Lena - Ecuria - INFO - Sélection d'une heure : 16H LENA
2025-12-15 18:01:51,999 - Lena - Ecuria - INFO - Remplissage de la listebox des élèves
2025-12-15 18:01:52,433 - Lena - Ecuria - INFO - Sélection d'une heure : 17H LENA
2025-12-15 18:01:52,433 - Lena - Ecuria - INFO - Remplissage de la listebox des élèves
2025-12-15 18:01:52,945 - Lena - Ecuria - INFO - Sélection d'une heure : 17H MANON
2025-12-15 18:01:52,945 - Lena - Ecuria - INFO - Remplissage de la listebox des élèves
2025-12-15 18:01:53,590 - Lena - Ecuria - INFO - Sélection d'une heure : 18H LENA
2025-12-15 18:01:53,591 - Lena - Ecuria - INFO - Remplissage de la listebox des élèves
2025-12-15 18:01:54,356 - Lena - Ecuria - INFO - Sélection d'une heure : 18H MANON
2025-12-15 18:01:54,356 - Lena - Ecuria - INFO - Remplissage de la listebox des élèves
2025-12-15 18:01:54,910 - Lena - Ecuria - INFO - Sélection d'une heure : 19H LENA
2025-12-15 18:01:54,911 - Lena - Ecuria - INFO - Remplissage de la listebox des élèves
2025-12-15 18:02:38,675 - Lena - Ecuria - INFO - Changement de jour : Samedi
2025-12-15 18:02:38,675 - Lena - Ecuria - INFO - Mise à jour de l'interface pour le jour : Samedi
2025-12-15 18:02:38,675 - Lena - Ecuria - INFO - Remplissage de la listebox des chevaux
2025-12-15 18:02:38,676 - Lena - Ecuria - INFO - Insertion des heures dans la listebox
2025-12-15 18:02:38,677 - Lena - Ecuria - INFO - Visualisation du fichier cavalier
2025-12-15 18:02:40,243 - Lena - Ecuria - INFO - Sélection d'une heure : 9H30 L
2025-12-15 18:02:40,243 - Lena - Ecuria - INFO - Remplissage de la listebox des élèves
2025-12-15 18:02:41,183 - Lena - Ecuria - INFO - Sélection d'une heure : 9H30 K
2025-12-15 18:02:41,183 - Lena - Ecuria - INFO - Remplissage de la listebox des élèves
2025-12-15 18:02:41,487 - Lena - Ecuria - INFO - Sélection d'une heure : 10H30 L
2025-12-15 18:02:41,487 - Lena - Ecuria - INFO - Remplissage de la listebox des élèves
2025-12-15 18:02:41,735 - Lena - Ecuria - INFO - Sélection d'une heure : 10H30 K
2025-12-15 18:02:41,735 - Lena - Ecuria - INFO - Remplissage de la listebox des élèves
2025-12-15 18:02:41,999 - Lena - Ecuria - INFO - Sélection d'une heure : 11H30 L
2025-12-15 18:02:42,000 - Lena - Ecuria - INFO - Remplissage de la listebox des élèves
2025-12-15 18:02:42,223 - Lena - Ecuria - INFO - Sélection d'une heure : 11H30 K
2025-12-15 18:02:42,224 - Lena - Ecuria - INFO - Remplissage de la listebox des élèves
2025-12-15 18:02:42,471 - Lena - Ecuria - INFO - Sélection d'une heure : 12H00 L
2025-12-15 18:02:42,472 - Lena - Ecuria - INFO - Remplissage de la listebox des élèves
2025-12-15 18:02:42,711 - Lena - Ecuria - INFO - Sélection d'une heure : 12H30 K
2025-12-15 18:02:42,712 - Lena - Ecuria - INFO - Remplissage de la listebox des élèves
2025-12-15 18:02:42,959 - Lena - Ecuria - INFO - Sélection d'une heure : 13H00 K
2025-12-15 18:02:42,960 - Lena - Ecuria - INFO - Remplissage de la listebox des élèves
2025-12-15 18:02:43,183 - Lena - Ecuria - INFO - Sélection d'une heure : 14H00 L
2025-12-15 18:02:43,183 - Lena - Ecuria - INFO - Remplissage de la listebox des élèves
2025-12-15 18:02:43,414 - Lena - Ecuria - INFO - Sélection d'une heure : 14H00 K
2025-12-15 18:02:43,416 - Lena - Ecuria - INFO - Remplissage de la listebox des élèves
2025-12-15 18:02:43,655 - Lena - Ecuria - INFO - Sélection d'une heure : 15H00 L
2025-12-15 18:02:43,655 - Lena - Ecuria - INFO - Remplissage de la listebox des élèves
2025-12-15 18:02:43,911 - Lena - Ecuria - INFO - Sélection d'une heure : 16H00 K
2025-12-15 18:02:43,912 - Lena - Ecuria - INFO - Remplissage de la listebox des élèves
2025-12-15 18:02:44,206 - Lena - Ecuria - INFO - Sélection d'une heure : 16H00 L
2025-12-15 18:02:44,207 - Lena - Ecuria - INFO - Remplissage de la listebox des élèves
2025-12-15 18:02:44,527 - Lena - Ecuria - INFO - Sélection d'une heure : 17H00 K
2025-12-15 18:02:44,528 - Lena - Ecuria - INFO - Remplissage de la listebox des élèves
2025-12-15 18:02:44,799 - Lena - Ecuria - INFO - Sélection d'une heure : 17H00 L
2025-12-15 18:02:44,799 - Lena - Ecuria - INFO - Remplissage de la listebox des élèves
2025-12-15 18:02:45,063 - Lena - Ecuria - INFO - Sélection d'une heure : 18H00 K
2025-12-15 18:02:45,064 - Lena - Ecuria - INFO - Remplissage de la listebox des élèves
